Archive member included because of file (symbol)

/usr/local/gcc-arm-none-eabi-4_9-2015q2/bin/../lib/gcc/arm-none-eabi/4.9.3/../../../../arm-none-eabi/lib/armv7-m/libstdc++_nano.a(del_op.o)
                              ./src/GY521Sensor.o (operator delete(void*))
/usr/local/gcc-arm-none-eabi-4_9-2015q2/bin/../lib/gcc/arm-none-eabi/4.9.3/armv7-m/libgcc.a(_arm_addsubdf3.o)
                              ./src/GY521Sensor.o (__aeabi_dadd)
/usr/local/gcc-arm-none-eabi-4_9-2015q2/bin/../lib/gcc/arm-none-eabi/4.9.3/armv7-m/libgcc.a(_arm_muldivdf3.o)
                              ./src/GY521Sensor.o (__aeabi_ddiv)
/usr/local/gcc-arm-none-eabi-4_9-2015q2/bin/../lib/gcc/arm-none-eabi/4.9.3/armv7-m/libgcc.a(_arm_truncdfsf2.o)
                              ./src/GY521Sensor.o (__aeabi_d2f)
/usr/local/gcc-arm-none-eabi-4_9-2015q2/bin/../lib/gcc/arm-none-eabi/4.9.3/../../../../arm-none-eabi/lib/armv7-m/libg_nano.a(lib_a-errno.o)
                              ./system/src/newlib/_sbrk.o (__errno)
/usr/local/gcc-arm-none-eabi-4_9-2015q2/bin/../lib/gcc/arm-none-eabi/4.9.3/../../../../arm-none-eabi/lib/armv7-m/libg_nano.a(lib_a-impure.o)
                              /usr/local/gcc-arm-none-eabi-4_9-2015q2/bin/../lib/gcc/arm-none-eabi/4.9.3/../../../../arm-none-eabi/lib/armv7-m/libg_nano.a(lib_a-errno.o) (_impure_ptr)
/usr/local/gcc-arm-none-eabi-4_9-2015q2/bin/../lib/gcc/arm-none-eabi/4.9.3/../../../../arm-none-eabi/lib/armv7-m/libg_nano.a(lib_a-malloc.o)
                              /usr/local/gcc-arm-none-eabi-4_9-2015q2/bin/../lib/gcc/arm-none-eabi/4.9.3/../../../../arm-none-eabi/lib/armv7-m/libstdc++_nano.a(del_op.o) (free)
/usr/local/gcc-arm-none-eabi-4_9-2015q2/bin/../lib/gcc/arm-none-eabi/4.9.3/../../../../arm-none-eabi/lib/armv7-m/libg_nano.a(lib_a-memset.o)
                              ./src/GY521Sensor.o (memset)
/usr/local/gcc-arm-none-eabi-4_9-2015q2/bin/../lib/gcc/arm-none-eabi/4.9.3/../../../../arm-none-eabi/lib/armv7-m/libg_nano.a(lib_a-nano-freer.o)
                              /usr/local/gcc-arm-none-eabi-4_9-2015q2/bin/../lib/gcc/arm-none-eabi/4.9.3/../../../../arm-none-eabi/lib/armv7-m/libg_nano.a(lib_a-malloc.o) (_free_r)
/usr/local/gcc-arm-none-eabi-4_9-2015q2/bin/../lib/gcc/arm-none-eabi/4.9.3/../../../../arm-none-eabi/lib/armv7-m/libg_nano.a(lib_a-nano-mallocr.o)
                              /usr/local/gcc-arm-none-eabi-4_9-2015q2/bin/../lib/gcc/arm-none-eabi/4.9.3/../../../../arm-none-eabi/lib/armv7-m/libg_nano.a(lib_a-malloc.o) (_malloc_r)
/usr/local/gcc-arm-none-eabi-4_9-2015q2/bin/../lib/gcc/arm-none-eabi/4.9.3/../../../../arm-none-eabi/lib/armv7-m/libg_nano.a(lib_a-nano-vfprintf_float.o)
                              (_printf_float)
/usr/local/gcc-arm-none-eabi-4_9-2015q2/bin/../lib/gcc/arm-none-eabi/4.9.3/../../../../arm-none-eabi/lib/armv7-m/libg_nano.a(lib_a-nano-vfprintf_i.o)
                              /usr/local/gcc-arm-none-eabi-4_9-2015q2/bin/../lib/gcc/arm-none-eabi/4.9.3/../../../../arm-none-eabi/lib/armv7-m/libg_nano.a(lib_a-nano-vfprintf_float.o) (_printf_common)
/usr/local/gcc-arm-none-eabi-4_9-2015q2/bin/../lib/gcc/arm-none-eabi/4.9.3/../../../../arm-none-eabi/lib/armv7-m/libg_nano.a(lib_a-s_fpclassify.o)
                              /usr/local/gcc-arm-none-eabi-4_9-2015q2/bin/../lib/gcc/arm-none-eabi/4.9.3/../../../../arm-none-eabi/lib/armv7-m/libg_nano.a(lib_a-nano-vfprintf_float.o) (__fpclassifyd)
/usr/local/gcc-arm-none-eabi-4_9-2015q2/bin/../lib/gcc/arm-none-eabi/4.9.3/../../../../arm-none-eabi/lib/armv7-m/libg_nano.a(lib_a-sbrkr.o)
                              /usr/local/gcc-arm-none-eabi-4_9-2015q2/bin/../lib/gcc/arm-none-eabi/4.9.3/../../../../arm-none-eabi/lib/armv7-m/libg_nano.a(lib_a-nano-mallocr.o) (_sbrk_r)
/usr/local/gcc-arm-none-eabi-4_9-2015q2/bin/../lib/gcc/arm-none-eabi/4.9.3/../../../../arm-none-eabi/lib/armv7-m/libg_nano.a(lib_a-snprintf.o)
                              ./src/Viewer.o (snprintf)
/usr/local/gcc-arm-none-eabi-4_9-2015q2/bin/../lib/gcc/arm-none-eabi/4.9.3/../../../../arm-none-eabi/lib/armv7-m/libg_nano.a(lib_a-sprintf.o)
                              ./src/Viewer.o (sprintf)
/usr/local/gcc-arm-none-eabi-4_9-2015q2/bin/../lib/gcc/arm-none-eabi/4.9.3/../../../../arm-none-eabi/lib/armv7-m/libg_nano.a(lib_a-strlen.o)
                              ./system/src/diag/Trace.o (strlen)
/usr/local/gcc-arm-none-eabi-4_9-2015q2/bin/../lib/gcc/arm-none-eabi/4.9.3/../../../../arm-none-eabi/lib/armv7-m/libg_nano.a(lib_a-vsnprintf.o)
                              ./system/src/diag/Trace.o (vsnprintf)
/usr/local/gcc-arm-none-eabi-4_9-2015q2/bin/../lib/gcc/arm-none-eabi/4.9.3/../../../../arm-none-eabi/lib/armv7-m/libg_nano.a(lib_a-dtoa.o)
                              /usr/local/gcc-arm-none-eabi-4_9-2015q2/bin/../lib/gcc/arm-none-eabi/4.9.3/../../../../arm-none-eabi/lib/armv7-m/libg_nano.a(lib_a-nano-vfprintf_float.o) (_dtoa_r)
[...]
Memory Configuration

Name             Origin             Length             Attributes
RAM              0x20000000         0x00010000         xrw
CCMRAM           0x00000000         0x00000000         xrw
FLASH            0x08000000         0x00080000         xr
FLASHB1          0x00000000         0x00000000         xr
EXTMEMB0         0x00000000         0x00000000         xr
EXTMEMB1         0x00000000         0x00000000         xr
EXTMEMB2         0x00000000         0x00000000         xr
EXTMEMB3         0x00000000         0x00000000         xr
MEMORY_ARRAY     0x00000000         0x00000000         xrw
*default*        0x00000000         0xffffffff

Linker script and memory map

LOAD ./system/src/stm32f1-stdperiph/misc.o
LOAD ./system/src/stm32f1-stdperiph/stm32f10x_adc.o
LOAD ./system/src/stm32f1-stdperiph/stm32f10x_bkp.o
LOAD ./system/src/stm32f1-stdperiph/stm32f10x_can.o
LOAD ./system/src/stm32f1-stdperiph/stm32f10x_cec.o
LOAD ./system/src/stm32f1-stdperiph/stm32f10x_crc.o
LOAD ./system/src/stm32f1-stdperiph/stm32f10x_dac.o
LOAD ./system/src/stm32f1-stdperiph/stm32f10x_dbgmcu.o
LOAD ./system/src/stm32f1-stdperiph/stm32f10x_dma.o
LOAD ./system/src/stm32f1-stdperiph/stm32f10x_exti.o
LOAD ./system/src/stm32f1-stdperiph/stm32f10x_flash.o
LOAD ./system/src/stm32f1-stdperiph/stm32f10x_fsmc.o
LOAD ./system/src/stm32f1-stdperiph/stm32f10x_gpio.o
LOAD ./system/src/stm32f1-stdperiph/stm32f10x_i2c.o
LOAD ./system/src/stm32f1-stdperiph/stm32f10x_iwdg.o
LOAD ./system/src/stm32f1-stdperiph/stm32f10x_pwr.o
LOAD ./system/src/stm32f1-stdperiph/stm32f10x_rcc.o
LOAD ./system/src/stm32f1-stdperiph/stm32f10x_rtc.o
LOAD ./system/src/stm32f1-stdperiph/stm32f10x_sdio.o
LOAD ./system/src/stm32f1-stdperiph/stm32f10x_spi.o
LOAD ./system/src/stm32f1-stdperiph/stm32f10x_tim.o
LOAD ./system/src/stm32f1-stdperiph/stm32f10x_usart.o
LOAD ./system/src/stm32f1-stdperiph/stm32f10x_wwdg.o
LOAD ./system/src/newlib/_cxx.o
LOAD ./system/src/newlib/_exit.o
LOAD ./system/src/newlib/_sbrk.o
LOAD ./system/src/newlib/_startup.o
LOAD ./system/src/newlib/_syscalls.o
LOAD ./system/src/newlib/assert.o
LOAD ./system/src/diag/Trace.o
LOAD ./system/src/diag/trace_impl.o
LOAD ./system/src/cortexm/_initialize_hardware.o
LOAD ./system/src/cortexm/_reset_hardware.o
LOAD ./system/src/cortexm/exception_handlers.o
LOAD ./system/src/cmsis/system_stm32f10x.o
LOAD ./system/src/cmsis/vectors_stm32f10x.o
LOAD ./src/GY521Sensor.o
LOAD ./src/Viewer.o
LOAD ./src/_write.o
LOAD ./src/f10x-pcd8544.o
LOAD ./src/main.o
LOAD /usr/local/gcc-arm-none-eabi-4_9-2015q2/bin/../lib/gcc/arm-none-eabi/4.9.3/../../../../arm-none-eabi/lib/armv7-m/libstdc++_nano.a
LOAD /usr/local/gcc-arm-none-eabi-4_9-2015q2/bin/../lib/gcc/arm-none-eabi/4.9.3/../../../../arm-none-eabi/lib/armv7-m/libm.a
START GROUP
LOAD /usr/local/gcc-arm-none-eabi-4_9-2015q2/bin/../lib/gcc/arm-none-eabi/4.9.3/armv7-m/libgcc.a
LOAD /usr/local/gcc-arm-none-eabi-4_9-2015q2/bin/../lib/gcc/arm-none-eabi/4.9.3/../../../../arm-none-eabi/lib/armv7-m/libg_nano.a
LOAD /usr/local/gcc-arm-none-eabi-4_9-2015q2/bin/../lib/gcc/arm-none-eabi/4.9.3/../../../../arm-none-eabi/lib/armv7-m/libc_nano.a
END GROUP
START GROUP
LOAD /usr/local/gcc-arm-none-eabi-4_9-2015q2/bin/../lib/gcc/arm-none-eabi/4.9.3/armv7-m/libgcc.a
LOAD /usr/local/gcc-arm-none-eabi-4_9-2015q2/bin/../lib/gcc/arm-none-eabi/4.9.3/../../../../arm-none-eabi/lib/armv7-m/libc_nano.a
END GROUP
                0x20010000                __stack = (ORIGIN (RAM) + 0x10000)
                0x20010000                _estack = __stack
                0x00000400                __Main_Stack_Size = 0x400
                0x00000400                PROVIDE (_Main_Stack_Size, __Main_Stack_Size)
                0x2000fc00                __Main_Stack_Limit = (__stack - __Main_Stack_Size)
                0x2000fc00                PROVIDE (_Main_Stack_Limit, __Main_Stack_Limit)
                0x00000100                _Minimum_Stack_Size = 0x100
                0x20000378                PROVIDE (_Heap_Begin, _end_noinit)
                0x2000fc00                PROVIDE (_Heap_Limit, (__stack - __Main_Stack_Size))

.isr_vector     0x08000000      0x44c
                0x08000000                . = ALIGN (0x4)
 *(.isr_vector)
 .isr_vector    0x08000000      0x1e4 ./system/src/cmsis/vectors_stm32f10x.o
                0x08000000                __isr_vectors
 *(.cfmconfig)
 *(.after_vectors .after_vectors.*)
 .after_vectors
                0x080001e4      0x12c ./system/src/newlib/_startup.o
                0x080001e4                _start
 .after_vectors
                0x08000310      0x138 ./system/src/cortexm/exception_handlers.o
                0x08000310                Reset_Handler
                0x08000318                NMI_Handler
                0x0800031c                HardFault_Handler
                0x08000330                HardFault_Handler_C
                0x08000398                MemManage_Handler
                0x0800039c                BusFault_Handler
                0x080003b0                BusFault_Handler_C
                0x080003e4                UsageFault_Handler
                0x080003f8                UsageFault_Handler_C
                0x0800042c                SVC_Handler
                0x08000430                DebugMon_Handler
                0x08000434                PendSV_Handler
                0x08000438                SysTick_Handler
 .after_vectors
                0x08000448        0x4 ./system/src/cmsis/vectors_stm32f10x.o
                0x08000448                EXTI2_IRQHandler
                0x08000448                TIM8_TRG_COM_IRQHandler
                0x08000448                TIM8_CC_IRQHandler
                0x08000448                TIM1_CC_IRQHandler
                0x08000448                TIM6_IRQHandler
                0x08000448                PVD_IRQHandler
                0x08000448                SDIO_IRQHandler
                0x08000448                CAN2_RX1_IRQHandler
                0x08000448                EXTI3_IRQHandler
                0x08000448                TIM8_TRG_COM_TIM14_IRQHandler
                0x08000448                TIM1_UP_TIM10_IRQHandler
                0x08000448                TIM8_UP_TIM13_IRQHandler
                0x08000448                EXTI0_IRQHandler
                0x08000448                I2C2_EV_IRQHandler
                0x08000448                CAN1_RX0_IRQHandler
                0x08000448                TIM1_UP_TIM16_IRQHandler
                0x08000448                CAN2_SCE_IRQHandler
                0x08000448                ADC1_2_IRQHandler
                0x08000448                SPI1_IRQHandler
                0x08000448                TAMPER_IRQHandler
                0x08000448                TIM6_DAC_IRQHandler
                0x08000448                TIM1_BRK_TIM9_IRQHandler
                0x08000448                CAN2_RX0_IRQHandler
                0x08000448                TIM8_UP_IRQHandler
                0x08000448                DMA2_Channel2_IRQHandler
                0x08000448                DMA1_Channel4_IRQHandler
                0x08000448                USART3_IRQHandler
                0x08000448                RTC_IRQHandler
                0x08000448                DMA1_Channel7_IRQHandler
                0x08000448                CAN1_RX1_IRQHandler
                0x08000448                UART5_IRQHandler
                0x08000448                ADC3_IRQHandler
                0x08000448                TIM4_IRQHandler
                0x08000448                DMA2_Channel1_IRQHandler
                0x08000448                I2C1_EV_IRQHandler
                0x08000448                DMA1_Channel6_IRQHandler
                0x08000448                UART4_IRQHandler
                0x08000448                DMA2_Channel4_IRQHandler
                0x08000448                TIM3_IRQHandler
                0x08000448                RCC_IRQHandler
                0x08000448                TIM8_BRK_TIM12_IRQHandler
                0x08000448                TIM1_TRG_COM_IRQHandler
                0x08000448                DMA1_Channel1_IRQHandler
                0x08000448                Default_Handler
                0x08000448                CEC_IRQHandler
                0x08000448                EXTI15_10_IRQHandler
                0x08000448                TIM14_IRQHandler
                0x08000448                TIM13_IRQHandler
                0x08000448                TIM12_IRQHandler
                0x08000448                TIM7_IRQHandler
                0x08000448                CAN2_TX_IRQHandler
                0x08000448                TIM5_IRQHandler
                0x08000448                EXTI9_5_IRQHandler
                0x08000448                ETH_WKUP_IRQHandler
                0x08000448                SPI2_IRQHandler
                0x08000448                CAN1_TX_IRQHandler
                0x08000448                DMA2_Channel5_IRQHandler
                0x08000448                DMA1_Channel5_IRQHandler
                0x08000448                EXTI4_IRQHandler
                0x08000448                USB_LP_CAN1_RX0_IRQHandler
                0x08000448                TIM1_TRG_COM_TIM17_IRQHandler
                0x08000448                USB_HP_CAN1_TX_IRQHandler
                0x08000448                DMA1_Channel3_IRQHandler
                0x08000448                FSMC_IRQHandler
                0x08000448                ETH_IRQHandler
                0x08000448                TIM1_UP_IRQHandler
                0x08000448                WWDG_IRQHandler
                0x08000448                TIM2_IRQHandler
                0x08000448                OTG_FS_WKUP_IRQHandler
                0x08000448                TIM1_TRG_COM_TIM11_IRQHandler
                0x08000448                TIM1_BRK_IRQHandler
                0x08000448                EXTI1_IRQHandler
                0x08000448                RTCAlarm_IRQHandler
                0x08000448                DMA2_Channel4_5_IRQHandler
                0x08000448                USART2_IRQHandler
                0x08000448                I2C2_ER_IRQHandler
                0x08000448                DMA1_Channel2_IRQHandler
                0x08000448                TIM8_BRK_IRQHandler
                0x08000448                CAN1_SCE_IRQHandler
                0x08000448                FLASH_IRQHandler
                0x08000448                USART1_IRQHandler
                0x08000448                OTG_FS_IRQHandler
                0x08000448                SPI3_IRQHandler
                0x08000448                I2C1_ER_IRQHandler
                0x08000448                USBWakeUp_IRQHandler
                0x08000448                DMA2_Channel3_IRQHandler
                0x08000448                TIM1_BRK_TIM15_IRQHandler
                0x0800044c                . = ALIGN (0x4)

.inits          0x0800044c        0x8
                0x0800044c                . = ALIGN (0x4)
 *(.init)
 *(.fini)
                0x0800044c                . = ALIGN (0x4)
                0x0800044c                PROVIDE (__preinit_array_start, .)
 *(.preinit_array_sysinit .preinit_array_sysinit.*)
 *(.preinit_array_platform .preinit_array_platform.*)
 *(.preinit_array .preinit_array.*)
                0x0800044c                PROVIDE (__preinit_array_end, .)
                0x0800044c                . = ALIGN (0x4)
                0x0800044c                PROVIDE (__init_array_start, .)
 *(SORT(.init_array.*))
 *(.init_array)
 .init_array    0x0800044c        0x4 ./src/main.o
                0x08000450                PROVIDE (__init_array_end, .)
                0x08000450                . = ALIGN (0x4)
                0x08000450                PROVIDE (__fini_array_start, .)
 *(SORT(.fini_array.*))
 *(.fini_array)
 .fini_array    0x08000450        0x4 ./src/main.o
                0x08000454                PROVIDE (__fini_array_end, .)
                0x08000454                . = ALIGN (0x4)

.flashtext      0x08000454        0x0
                0x08000454                . = ALIGN (0x4)
 *(.flashtext .flashtext.*)
                0x08000454                . = ALIGN (0x4)

.text           0x08000458     0x4820
                0x08000458                . = ALIGN (0x4)
 *(.text .text.*)
 .text.GPIO_Init
                0x08000458      0x164 ./system/src/stm32f1-stdperiph/stm32f10x_gpio.o
                0x08000458                GPIO_Init
 .text.GPIO_SetBits
                0x080005bc       0x60 ./system/src/stm32f1-stdperiph/stm32f10x_gpio.o
                0x080005bc                GPIO_SetBits
 .text.GPIO_ResetBits
                0x0800061c       0x60 ./system/src/stm32f1-stdperiph/stm32f10x_gpio.o
                0x0800061c                GPIO_ResetBits
 .text.I2C_Init
                0x0800067c      0x190 ./system/src/stm32f1-stdperiph/stm32f10x_i2c.o
                0x0800067c                I2C_Init
 .text.I2C_Cmd  0x0800080c       0x54 ./system/src/stm32f1-stdperiph/stm32f10x_i2c.o
                0x0800080c                I2C_Cmd
 .text.I2C_GenerateSTART
                0x08000860       0x54 ./system/src/stm32f1-stdperiph/stm32f10x_i2c.o
                0x08000860                I2C_GenerateSTART
 .text.I2C_GenerateSTOP
                0x080008b4       0x54 ./system/src/stm32f1-stdperiph/stm32f10x_i2c.o
                0x080008b4                I2C_GenerateSTOP
 .text.I2C_AcknowledgeConfig
                0x08000908       0x54 ./system/src/stm32f1-stdperiph/stm32f10x_i2c.o
                0x08000908                I2C_AcknowledgeConfig
 .text.I2C_SendData
                0x0800095c       0x2c ./system/src/stm32f1-stdperiph/stm32f10x_i2c.o
                0x0800095c                I2C_SendData
 .text.I2C_ReceiveData
                0x08000988       0x2c ./system/src/stm32f1-stdperiph/stm32f10x_i2c.o
                0x08000988                I2C_ReceiveData
 .text.I2C_Send7bitAddress
                0x080009b4       0x50 ./system/src/stm32f1-stdperiph/stm32f10x_i2c.o
                0x080009b4                I2C_Send7bitAddress
 .text.I2C_NACKPositionConfig
                0x08000a04       0x58 ./system/src/stm32f1-stdperiph/stm32f10x_i2c.o
                0x08000a04                I2C_NACKPositionConfig
 .text.I2C_CheckEvent
                0x08000a5c       0xc4 ./system/src/stm32f1-stdperiph/stm32f10x_i2c.o
                0x08000a5c                I2C_CheckEvent
 .text.I2C_GetFlagStatus
                0x08000b20       0xf4 ./system/src/stm32f1-stdperiph/stm32f10x_i2c.o
                0x08000b20                I2C_GetFlagStatus
 .text.RCC_GetClocksFreq
                0x08000c14       0x9c ./system/src/stm32f1-stdperiph/stm32f10x_rcc.o
                0x08000c14                RCC_GetClocksFreq
 .text.RCC_APB2PeriphClockCmd
                0x08000cb0       0x50 ./system/src/stm32f1-stdperiph/stm32f10x_rcc.o
                0x08000cb0                RCC_APB2PeriphClockCmd
 .text.RCC_APB1PeriphClockCmd
                0x08000d00       0x50 ./system/src/stm32f1-stdperiph/stm32f10x_rcc.o
                0x08000d00                RCC_APB1PeriphClockCmd
 .text.RCC_APB1PeriphResetCmd
                0x08000d50       0x50 ./system/src/stm32f1-stdperiph/stm32f10x_rcc.o
                0x08000d50                RCC_APB1PeriphResetCmd
 .text._exit    0x08000da0        0x4 ./system/src/newlib/_exit.o
                0x08000da0                _exit
 .text.abort    0x08000da4       0x14 ./system/src/newlib/_exit.o
                0x08000da4                abort
 .text._sbrk    0x08000db8       0x40 ./system/src/newlib/_sbrk.o
                0x08000db8                _sbrk
 .text.__initialize_args
                0x08000df8       0x10 ./system/src/newlib/_syscalls.o
                0x08000df8                __initialize_args
 .text.assert_failed
                0x08000e08       0x18 ./system/src/newlib/assert.o
                0x08000e08                assert_failed
 .text.trace_printf
                0x08000e20       0x34 ./system/src/diag/Trace.o
                0x08000e20                trace_printf
 .text.trace_puts
                0x08000e54       0x20 ./system/src/diag/Trace.o
                0x08000e54                trace_puts
 .text.trace_write
                0x08000e74       0x64 ./system/src/diag/trace_impl.o
                0x08000e74                trace_write
 .text.__initialize_hardware_early
                0x08000ed8        0x4 ./system/src/cortexm/_initialize_hardware.o
                0x08000ed8                __initialize_hardware_early
 .text.__initialize_hardware
                0x08000edc        0x4 ./system/src/cortexm/_initialize_hardware.o
                0x08000edc                __initialize_hardware
 .text.dumpExceptionStack
                0x08000ee0       0xf4 ./system/src/cortexm/exception_handlers.o
                0x08000ee0                dumpExceptionStack
 .text.SystemInit
                0x08000fd4      0x104 ./system/src/cmsis/system_stm32f10x.o
                0x08000fd4                SystemInit
 .text.SystemCoreClockUpdate
                0x080010d8       0x5c ./system/src/cmsis/system_stm32f10x.o
                0x080010d8                SystemCoreClockUpdate
 .text._ZN11GY521SensorD2Ev
                0x08001134        0x4 ./src/GY521Sensor.o
                0x08001134                GY521Sensor::~GY521Sensor()
                0x08001134                GY521Sensor::~GY521Sensor()
 .text._ZN11GY521SensorD0Ev
                0x08001138        0xc ./src/GY521Sensor.o
                0x08001138                GY521Sensor::~GY521Sensor()
 .text._ZN11GY521SensorC2EP11I2C_TypeDef
                0x08001144       0x24 ./src/GY521Sensor.o
                0x08001144                GY521Sensor::GY521Sensor(I2C_TypeDef*)
                0x08001144                GY521Sensor::GY521Sensor(I2C_TypeDef*)
 .text._ZN11GY521Sensor11TemperatureEv
                0x08001168        0x4 ./src/GY521Sensor.o
                0x08001168                GY521Sensor::Temperature()
 .text._ZN11GY521Sensor12LowLevelInitEv
                0x0800116c       0x90 ./src/GY521Sensor.o
                0x0800116c                GY521Sensor::LowLevelInit()
 .text._ZN11GY521Sensor12ReadRegisterEh
                0x080011fc       0xe8 ./src/GY521Sensor.o
                0x080011fc                GY521Sensor::ReadRegister(unsigned char)
 .text._ZN11GY521Sensor12ReadRegisterEhRt
                0x080012e4      0x108 ./src/GY521Sensor.o
                0x080012e4                GY521Sensor::ReadRegister(unsigned char, unsigned short&)
 .text._ZN11GY521Sensor13WriteRegisterEhPhm
                0x080013ec       0xa4 ./src/GY521Sensor.o
                0x080013ec                GY521Sensor::WriteRegister(unsigned char, unsigned char*, unsigned long)
 .text._ZN11GY521Sensor4InitEv
                0x08001490       0xa4 ./src/GY521Sensor.o
                0x08001490                GY521Sensor::Init()
 *fill*         0x08001534        0x4 
 .text._ZN11GY521Sensor15ReadTemperatureEv
                0x08001538       0x3c ./src/GY521Sensor.o
                0x08001538                GY521Sensor::ReadTemperature()
 .text._ZN11GY521Sensor8ReadDataEv
                0x08001574       0x64 ./src/GY521Sensor.o
                0x08001574                GY521Sensor::ReadData()
 .text._ZN6ViewerD2Ev
                0x080015d8        0x4 ./src/Viewer.o
                0x080015d8                Viewer::~Viewer()
                0x080015d8                Viewer::~Viewer()
 .text._ZN6ViewerD0Ev
                0x080015dc        0xc ./src/Viewer.o
                0x080015dc                Viewer::~Viewer()
 .text._ZN6ViewerC2Ev
                0x080015e8        0xc ./src/Viewer.o
                0x080015e8                Viewer::Viewer()
                0x080015e8                Viewer::Viewer()
 .text._ZN6Viewer4InitEv
                0x080015f4       0x50 ./src/Viewer.o
                0x080015f4                Viewer::Init()
 .text._ZN6Viewer7SetDataEffff
                0x08001644       0xa4 ./src/Viewer.o
                0x08001644                Viewer::SetData(float, float, float, float)
 .text._Z10lcd_putpixhhh.part.0
                0x080016e8       0x34 ./src/f10x-pcd8544.o
 .text._Z12lcd_senddatah
                0x0800171c       0x40 ./src/f10x-pcd8544.o
                0x0800171c                lcd_senddata(unsigned char)
 .text._Z11lcd_refreshv
                0x0800175c       0x4c ./src/f10x-pcd8544.o
                0x0800175c                lcd_refresh()
 .text._Z8lcd_initv
                0x080017a8       0x88 ./src/f10x-pcd8544.o
                0x080017a8                lcd_init()
 .text._Z8lcd_linehhhhh
                0x08001830      0x130 ./src/f10x-pcd8544.o
                0x08001830                lcd_line(unsigned char, unsigned char, unsigned char, unsigned char, unsigned char)
 .text._Z11lcd_putcharhhhh
                0x08001960       0xd0 ./src/f10x-pcd8544.o
                0x08001960                lcd_putchar(unsigned char, unsigned char, unsigned char, unsigned char)
 .text._Z10lcd_putstrhhPhh
                0x08001a30       0x4c ./src/f10x-pcd8544.o
                0x08001a30                lcd_putstr(unsigned char, unsigned char, unsigned char*, unsigned char)
 .text.startup._GLOBAL__sub_I_view
                0x08001a7c        0xc ./src/main.o
 .text.startup.main
                0x08001a88       0x4c ./src/main.o
                0x08001a88                main
 .text.exit._GLOBAL__sub_D_view
                0x08001ad4        0xc ./src/main.o
 .text._ZdlPv   0x08001ae0        0x4 /usr/local/gcc-arm-none-eabi-4_9-2015q2/bin/../lib/gcc/arm-none-eabi/4.9.3/../../../../arm-none-eabi/lib/armv7-m/libstdc++_nano.a(del_op.o)
                0x08001ae0                operator delete(void*)
 .text          0x08001ae4      0x370 /usr/local/gcc-arm-none-eabi-4_9-2015q2/bin/../lib/gcc/arm-none-eabi/4.9.3/armv7-m/libgcc.a(_arm_addsubdf3.o)
                0x08001ae4                __aeabi_drsub
                0x08001aec                __aeabi_dsub
                0x08001aec                __subdf3
                0x08001af0                __adddf3
                0x08001af0                __aeabi_dadd
                0x08001d68                __aeabi_ui2d
                0x08001d68                __floatunsidf
                0x08001d88                __floatsidf
                0x08001d88                __aeabi_i2d
                0x08001dac                __extendsfdf2
                0x08001dac                __aeabi_f2d
                0x08001de8                __aeabi_ul2d
                0x08001de8                __floatundidf
                0x08001df8                __floatdidf
                0x08001df8                __aeabi_l2d
 .text          0x08001e54      0x424 /usr/local/gcc-arm-none-eabi-4_9-2015q2/bin/../lib/gcc/arm-none-eabi/4.9.3/armv7-m/libgcc.a(_arm_muldivdf3.o)
                0x08001e54                __aeabi_dmul
                0x08001e54                __muldf3
                0x080020a8                __aeabi_ddiv
                0x080020a8                __divdf3
 .text          0x08002278       0xa0 /usr/local/gcc-arm-none-eabi-4_9-2015q2/bin/../lib/gcc/arm-none-eabi/4.9.3/armv7-m/libgcc.a(_arm_truncdfsf2.o)
                0x08002278                __aeabi_d2f
                0x08002278                __truncdfsf2
 .text.__errno  0x08002318        0xc /usr/local/gcc-arm-none-eabi-4_9-2015q2/bin/../lib/gcc/arm-none-eabi/4.9.3/../../../../arm-none-eabi/lib/armv7-m/libg_nano.a(lib_a-errno.o)
                0x08002318                __errno
 .text.malloc   0x08002324       0x10 /usr/local/gcc-arm-none-eabi-4_9-2015q2/bin/../lib/gcc/arm-none-eabi/4.9.3/../../../../arm-none-eabi/lib/armv7-m/libg_nano.a(lib_a-malloc.o)
                0x08002324                malloc
 .text.free     0x08002334       0x10 /usr/local/gcc-arm-none-eabi-4_9-2015q2/bin/../lib/gcc/arm-none-eabi/4.9.3/../../../../arm-none-eabi/lib/armv7-m/libg_nano.a(lib_a-malloc.o)
                0x08002334                free
 .text.memset   0x08002344       0x10 /usr/local/gcc-arm-none-eabi-4_9-2015q2/bin/../lib/gcc/arm-none-eabi/4.9.3/../../../../arm-none-eabi/lib/armv7-m/libg_nano.a(lib_a-memset.o)
                0x08002344                memset
 .text._free_r  0x08002354       0x88 /usr/local/gcc-arm-none-eabi-4_9-2015q2/bin/../lib/gcc/arm-none-eabi/4.9.3/../../../../arm-none-eabi/lib/armv7-m/libg_nano.a(lib_a-nano-freer.o)
                0x08002354                _free_r
 .text._malloc_r
                0x080023dc       0xac /usr/local/gcc-arm-none-eabi-4_9-2015q2/bin/../lib/gcc/arm-none-eabi/4.9.3/../../../../arm-none-eabi/lib/armv7-m/libg_nano.a(lib_a-nano-mallocr.o)
                0x080023dc                _malloc_r
 .text.__cvt    0x08002488       0xbc /usr/local/gcc-arm-none-eabi-4_9-2015q2/bin/../lib/gcc/arm-none-eabi/4.9.3/../../../../arm-none-eabi/lib/armv7-m/libg_nano.a(lib_a-nano-vfprintf_float.o)
                0x08002488                __cvt
 .text.__exponent
                0x08002544       0x62 /usr/local/gcc-arm-none-eabi-4_9-2015q2/bin/../lib/gcc/arm-none-eabi/4.9.3/../../../../arm-none-eabi/lib/armv7-m/libg_nano.a(lib_a-nano-vfprintf_float.o)
                0x08002544                __exponent
 *fill*         0x080025a6        0x2 
 .text._printf_float
                0x080025a8      0x48c /usr/local/gcc-arm-none-eabi-4_9-2015q2/bin/../lib/gcc/arm-none-eabi/4.9.3/../../../../arm-none-eabi/lib/armv7-m/libg_nano.a(lib_a-nano-vfprintf_float.o)
                0x080025a8                _printf_float
 .text._printf_common
                0x08002a34       0xea /usr/local/gcc-arm-none-eabi-4_9-2015q2/bin/../lib/gcc/arm-none-eabi/4.9.3/../../../../arm-none-eabi/lib/armv7-m/libg_nano.a(lib_a-nano-vfprintf_i.o)
                0x08002a34                _printf_common
 *fill*         0x08002b1e        0x2 
 .text._printf_i
                0x08002b20      0x240 /usr/local/gcc-arm-none-eabi-4_9-2015q2/bin/../lib/gcc/arm-none-eabi/4.9.3/../../../../arm-none-eabi/lib/armv7-m/libg_nano.a(lib_a-nano-vfprintf_i.o)
                0x08002b20                _printf_i
 .text.__fpclassifyd
                0x08002d60       0x50 /usr/local/gcc-arm-none-eabi-4_9-2015q2/bin/../lib/gcc/arm-none-eabi/4.9.3/../../../../arm-none-eabi/lib/armv7-m/libg_nano.a(lib_a-s_fpclassify.o)
                0x08002d60                __fpclassifyd
 .text._sbrk_r  0x08002db0       0x20 /usr/local/gcc-arm-none-eabi-4_9-2015q2/bin/../lib/gcc/arm-none-eabi/4.9.3/../../../../arm-none-eabi/lib/armv7-m/libg_nano.a(lib_a-sbrkr.o)
                0x08002db0                _sbrk_r
 .text.snprintf
                0x08002dd0       0x64 /usr/local/gcc-arm-none-eabi-4_9-2015q2/bin/../lib/gcc/arm-none-eabi/4.9.3/../../../../arm-none-eabi/lib/armv7-m/libg_nano.a(lib_a-snprintf.o)
                0x08002dd0                snprintf
                0x08002dd0                sniprintf
 .text.strlen   0x08002e34       0x10 /usr/local/gcc-arm-none-eabi-4_9-2015q2/bin/../lib/gcc/arm-none-eabi/4.9.3/../../../../arm-none-eabi/lib/armv7-m/libg_nano.a(lib_a-strlen.o)
                0x08002e34                strlen
 .text._vsnprintf_r
                0x08002e44       0x52 /usr/local/gcc-arm-none-eabi-4_9-2015q2/bin/../lib/gcc/arm-none-eabi/4.9.3/../../../../arm-none-eabi/lib/armv7-m/libg_nano.a(lib_a-vsnprintf.o)
                0x08002e44                _vsnprintf_r
                0x08002e44                _vsniprintf_r
 *fill*         0x08002e96        0x2 
 .text.vsnprintf
                0x08002e98       0x20 /usr/local/gcc-arm-none-eabi-4_9-2015q2/bin/../lib/gcc/arm-none-eabi/4.9.3/../../../../arm-none-eabi/lib/armv7-m/libg_nano.a(lib_a-vsnprintf.o)
                0x08002e98                vsnprintf
                0x08002e98                vsniprintf
 .text.quorem   0x08002eb8      0x114 /usr/local/gcc-arm-none-eabi-4_9-2015q2/bin/../lib/gcc/arm-none-eabi/4.9.3/../../../../arm-none-eabi/lib/armv7-m/libg_nano.a(lib_a-dtoa.o)
 *fill*         0x08002fcc        0x4 
 .text._dtoa_r  0x08002fd0      0xb74 /usr/local/gcc-arm-none-eabi-4_9-2015q2/bin/../lib/gcc/arm-none-eabi/4.9.3/../../../../arm-none-eabi/lib/armv7-m/libg_nano.a(lib_a-dtoa.o)
                0x08002fd0                _dtoa_r
 .text._localeconv_r
                0x08003b44        0x8 /usr/local/gcc-arm-none-eabi-4_9-2015q2/bin/../lib/gcc/arm-none-eabi/4.9.3/../../../../arm-none-eabi/lib/armv7-m/libg_nano.a(lib_a-locale.o)
                0x08003b44                _localeconv_r
 .text.memchr   0x08003b4c       0x1c /usr/local/gcc-arm-none-eabi-4_9-2015q2/bin/../lib/gcc/arm-none-eabi/4.9.3/../../../../arm-none-eabi/lib/armv7-m/libg_nano.a(lib_a-memchr.o)
                0x08003b4c                memchr
 .text.memcpy   0x08003b68       0x16 /usr/local/gcc-arm-none-eabi-4_9-2015q2/bin/../lib/gcc/arm-none-eabi/4.9.3/../../../../arm-none-eabi/lib/armv7-m/libg_nano.a(lib_a-memcpy.o)
                0x08003b68                memcpy
 .text._Balloc  0x08003b7e       0x6a /usr/local/gcc-arm-none-eabi-4_9-2015q2/bin/../lib/gcc/arm-none-eabi/4.9.3/../../../../arm-none-eabi/lib/armv7-m/libg_nano.a(lib_a-mprec.o)
                0x08003b7e                _Balloc
 .text._Bfree   0x08003be8       0x2e /usr/local/gcc-arm-none-eabi-4_9-2015q2/bin/../lib/gcc/arm-none-eabi/4.9.3/../../../../arm-none-eabi/lib/armv7-m/libg_nano.a(lib_a-mprec.o)
                0x08003be8                _Bfree
 .text.__multadd
                0x08003c16       0x7c /usr/local/gcc-arm-none-eabi-4_9-2015q2/bin/../lib/gcc/arm-none-eabi/4.9.3/../../../../arm-none-eabi/lib/armv7-m/libg_nano.a(lib_a-mprec.o)
                0x08003c16                __multadd
 .text.__hi0bits
                0x08003c92       0x40 /usr/local/gcc-arm-none-eabi-4_9-2015q2/bin/../lib/gcc/arm-none-eabi/4.9.3/../../../../arm-none-eabi/lib/armv7-m/libg_nano.a(lib_a-mprec.o)
                0x08003c92                __hi0bits
 .text.__lo0bits
                0x08003cd2       0x5a /usr/local/gcc-arm-none-eabi-4_9-2015q2/bin/../lib/gcc/arm-none-eabi/4.9.3/../../../../arm-none-eabi/lib/armv7-m/libg_nano.a(lib_a-mprec.o)
                0x08003cd2                __lo0bits
 .text.__i2b    0x08003d2c       0x12 /usr/local/gcc-arm-none-eabi-4_9-2015q2/bin/../lib/gcc/arm-none-eabi/4.9.3/../../../../arm-none-eabi/lib/armv7-m/libg_nano.a(lib_a-mprec.o)
                0x08003d2c                __i2b
 .text.__multiply
                0x08003d3e      0x120 /usr/local/gcc-arm-none-eabi-4_9-2015q2/bin/../lib/gcc/arm-none-eabi/4.9.3/../../../../arm-none-eabi/lib/armv7-m/libg_nano.a(lib_a-mprec.o)
                0x08003d3e                __multiply
 *fill*         0x08003e5e        0x2 
 .text.__pow5mult
                0x08003e60       0x9c /usr/local/gcc-arm-none-eabi-4_9-2015q2/bin/../lib/gcc/arm-none-eabi/4.9.3/../../../../arm-none-eabi/lib/armv7-m/libg_nano.a(lib_a-mprec.o)
                0x08003e60                __pow5mult
 .text.__lshift
                0x08003efc       0xa6 /usr/local/gcc-arm-none-eabi-4_9-2015q2/bin/../lib/gcc/arm-none-eabi/4.9.3/../../../../arm-none-eabi/lib/armv7-m/libg_nano.a(lib_a-mprec.o)
                0x08003efc                __lshift
 .text.__mcmp   0x08003fa2       0x38 /usr/local/gcc-arm-none-eabi-4_9-2015q2/bin/../lib/gcc/arm-none-eabi/4.9.3/../../../../arm-none-eabi/lib/armv7-m/libg_nano.a(lib_a-mprec.o)
                0x08003fa2                __mcmp
 .text.__mdiff  0x08003fda       0xbe /usr/local/gcc-arm-none-eabi-4_9-2015q2/bin/../lib/gcc/arm-none-eabi/4.9.3/../../../../arm-none-eabi/lib/armv7-m/libg_nano.a(lib_a-mprec.o)
                0x08003fda                __mdiff
 .text.__d2b    0x08004098       0xa4 /usr/local/gcc-arm-none-eabi-4_9-2015q2/bin/../lib/gcc/arm-none-eabi/4.9.3/../../../../arm-none-eabi/lib/armv7-m/libg_nano.a(lib_a-mprec.o)
                0x08004098                __d2b
 .text._calloc_r
                0x0800413c       0x1c /usr/local/gcc-arm-none-eabi-4_9-2015q2/bin/../lib/gcc/arm-none-eabi/4.9.3/../../../../arm-none-eabi/lib/armv7-m/libg_nano.a(lib_a-nano-callocr.o)
                0x0800413c                _calloc_r
 .text.__ssputs_r
                0x08004158       0xb2 /usr/local/gcc-arm-none-eabi-4_9-2015q2/bin/../lib/gcc/arm-none-eabi/4.9.3/../../../../arm-none-eabi/lib/armv7-m/libg_nano.a(lib_a-nano-svfprintf.o)
                0x08004158                __ssputs_r
 *fill*         0x0800420a        0x2 
 .text._svfprintf_r
                0x0800420c      0x1e4 /usr/local/gcc-arm-none-eabi-4_9-2015q2/bin/../lib/gcc/arm-none-eabi/4.9.3/../../../../arm-none-eabi/lib/armv7-m/libg_nano.a(lib_a-nano-svfprintf.o)
                0x0800420c                _svfprintf_r
                0x0800420c                _svfiprintf_r
 .text.memmove  0x080043f0       0x36 /usr/local/gcc-arm-none-eabi-4_9-2015q2/bin/../lib/gcc/arm-none-eabi/4.9.3/../../../../arm-none-eabi/lib/armv7-m/libg_nano.a(lib_a-memmove.o)
                0x080043f0                memmove
 .text._realloc_r
                0x08004426       0x4c /usr/local/gcc-arm-none-eabi-4_9-2015q2/bin/../lib/gcc/arm-none-eabi/4.9.3/../../../../arm-none-eabi/lib/armv7-m/libg_nano.a(lib_a-nano-reallocr.o)
                0x08004426                _realloc_r
 .text._malloc_usable_size_r
                0x08004472       0x14 /usr/local/gcc-arm-none-eabi-4_9-2015q2/bin/../lib/gcc/arm-none-eabi/4.9.3/../../../../arm-none-eabi/lib/armv7-m/libg_nano.a(lib_a-nano-msizer.o)
                0x08004472                _malloc_usable_size_r
 *fill*         0x08004486        0x2 
 .text          0x08004488      0x110 /usr/local/gcc-arm-none-eabi-4_9-2015q2/bin/../lib/gcc/arm-none-eabi/4.9.3/armv7-m/libgcc.a(_arm_cmpdf2.o)
                0x08004488                __gtdf2
                0x08004488                __gedf2
                0x08004490                __ltdf2
                0x08004490                __ledf2
                0x08004498                __cmpdf2
                0x08004498                __eqdf2
                0x08004498                __nedf2
                0x08004514                __aeabi_cdrcmple
                0x08004524                __aeabi_cdcmple
                0x08004524                __aeabi_cdcmpeq
                0x08004534                __aeabi_dcmpeq
                0x08004548                __aeabi_dcmplt
                0x0800455c                __aeabi_dcmple
                0x08004570                __aeabi_dcmpge
                0x08004584                __aeabi_dcmpgt
 .text          0x08004598       0x50 /usr/local/gcc-arm-none-eabi-4_9-2015q2/bin/../lib/gcc/arm-none-eabi/4.9.3/armv7-m/libgcc.a(_arm_fixdfsi.o)
                0x08004598                __fixdfsi
                0x08004598                __aeabi_d2iz
 *(.rodata .rodata.*)
 .rodata.str1.4
                0x080045e8       0x31 ./system/src/stm32f1-stdperiph/stm32f10x_gpio.o
 *fill*         0x08004619        0x3 
 .rodata.str1.4
                0x0800461c       0x30 ./system/src/stm32f1-stdperiph/stm32f10x_i2c.o
 .rodata.str1.4
                0x0800464c       0x30 ./system/src/stm32f1-stdperiph/stm32f10x_rcc.o
 .rodata.str1.4
                0x0800467c       0x14 ./system/src/newlib/_exit.o
 .rodata.str1.4
                0x08004690       0x6b ./system/src/newlib/assert.o
                                 0x6f (size before relaxing)
 *fill*         0x080046fb        0x1 
 .rodata.str1.4
                0x080046fc       0x29 ./system/src/diag/Trace.o
                                 0x2d (size before relaxing)
 *fill*         0x08004725        0x3 
 .rodata.str1.4
                0x08004728      0x146 ./system/src/cortexm/exception_handlers.o
 *fill*         0x0800486e        0x2 
 .rodata._ZTV11GY521Sensor
                0x08004870       0x10 ./src/GY521Sensor.o
                0x08004870                vtable for GY521Sensor
 .rodata._ZTV6Viewer
                0x08004880       0x10 ./src/Viewer.o
                0x08004880                vtable for Viewer
 .rodata.str1.4
                0x08004890       0x40 ./src/Viewer.o
                                 0x3e (size before relaxing)
 .rodata._ZL10NewFontLAT
                0x080048d0      0x186 ./src/f10x-pcd8544.o
 *fill*         0x08004a56        0x2 
 .rodata._ZL10NewFontRUS
                0x08004a58       0xc0 ./src/f10x-pcd8544.o
 .rodata.str1.1
                0x08004b18        0x2 /usr/local/gcc-arm-none-eabi-4_9-2015q2/bin/../lib/gcc/arm-none-eabi/4.9.3/../../../../arm-none-eabi/lib/armv7-m/libg_nano.a(lib_a-impure.o)
 .rodata.str1.1
                0x08004b1a       0x12 /usr/local/gcc-arm-none-eabi-4_9-2015q2/bin/../lib/gcc/arm-none-eabi/4.9.3/../../../../arm-none-eabi/lib/armv7-m/libg_nano.a(lib_a-nano-vfprintf_float.o)
 .rodata.str1.1
                0x08004b2c       0x22 /usr/local/gcc-arm-none-eabi-4_9-2015q2/bin/../lib/gcc/arm-none-eabi/4.9.3/../../../../arm-none-eabi/lib/armv7-m/libg_nano.a(lib_a-nano-vfprintf_i.o)
 .rodata.str1.1
                0x08004b4e        0xd /usr/local/gcc-arm-none-eabi-4_9-2015q2/bin/../lib/gcc/arm-none-eabi/4.9.3/../../../../arm-none-eabi/lib/armv7-m/libg_nano.a(lib_a-dtoa.o)
                                  0xf (size before relaxing)
 .rodata.str1.1
                0x08004b5b        0x8 /usr/local/gcc-arm-none-eabi-4_9-2015q2/bin/../lib/gcc/arm-none-eabi/4.9.3/../../../../arm-none-eabi/lib/armv7-m/libg_nano.a(lib_a-locale.o)
                                  0xb (size before relaxing)
 *fill*         0x08004b63        0x5 
 .rodata.__mprec_tens
                0x08004b68       0xc8 /usr/local/gcc-arm-none-eabi-4_9-2015q2/bin/../lib/gcc/arm-none-eabi/4.9.3/../../../../arm-none-eabi/lib/armv7-m/libg_nano.a(lib_a-mprec.o)
                0x08004b68                __mprec_tens
 .rodata.__mprec_bigtens
                0x08004c30       0x28 /usr/local/gcc-arm-none-eabi-4_9-2015q2/bin/../lib/gcc/arm-none-eabi/4.9.3/../../../../arm-none-eabi/lib/armv7-m/libg_nano.a(lib_a-mprec.o)
                0x08004c30                __mprec_bigtens
 .rodata.p05.5314
                0x08004c58        0xc /usr/local/gcc-arm-none-eabi-4_9-2015q2/bin/../lib/gcc/arm-none-eabi/4.9.3/../../../../arm-none-eabi/lib/armv7-m/libg_nano.a(lib_a-mprec.o)
 .rodata.str1.1
                0x08004c64       0x11 /usr/local/gcc-arm-none-eabi-4_9-2015q2/bin/../lib/gcc/arm-none-eabi/4.9.3/../../../../arm-none-eabi/lib/armv7-m/libg_nano.a(lib_a-nano-svfprintf.o)
 *(vtable)
 *(.eh_frame*)
 *fill*         0x08004c75        0x3 
 .eh_frame      0x08004c78        0x0 /usr/local/gcc-arm-none-eabi-4_9-2015q2/bin/../lib/gcc/arm-none-eabi/4.9.3/../../../../arm-none-eabi/lib/armv7-m/libg_nano.a(lib_a-strcmp.o)
                                 0x28 (size before relaxing)
 *(.glue_7)
 .glue_7        0x00000000        0x0 linker stubs
 *(.glue_7t)
 .glue_7t       0x00000000        0x0 linker stubs

.vfp11_veneer   0x08004c78        0x0
 .vfp11_veneer  0x00000000        0x0 linker stubs

.v4_bx          0x08004c78        0x0
 .v4_bx         0x00000000        0x0 linker stubs

.iplt           0x08004c78        0x0
 .iplt          0x00000000        0x0 ./system/src/stm32f1-stdperiph/misc.o

.rel.dyn        0x08004c78        0x0
 .rel.iplt      0x00000000        0x0 ./system/src/stm32f1-stdperiph/misc.o

.ARM.extab
 *(.ARM.extab* .gnu.linkonce.armextab.*)
                0x08004c78                __exidx_start = .

.ARM.exidx
 *(.ARM.exidx* .gnu.linkonce.armexidx.*)
                0x08004c78                __exidx_end = .
                0x08004c78                . = ALIGN (0x4)
                0x08004c78                _etext = .
                0x08004c78                __etext = .
                0x08004c78                _sidata = _etext

.data           0x20000000       0xd4 load address 0x08004c78
                0x20000000                . = ALIGN (0x4)
                0x20000000                _sdata = .
                0x20000000                __data_start__ = .
 *(.data_begin .data_begin.*)
 .data_begin    0x20000000        0x4 ./system/src/newlib/_startup.o
 *(.data .data.*)
 .data.ADCPrescTable
                0x20000004        0x4 ./system/src/stm32f1-stdperiph/stm32f10x_rcc.o
 .data.APBAHBPrescTable
                0x20000008       0x10 ./system/src/stm32f1-stdperiph/stm32f10x_rcc.o
 .data.argv.4157
                0x20000018        0x8 ./system/src/newlib/_syscalls.o
 .data.AHBPrescTable
                0x20000020       0x10 ./system/src/cmsis/system_stm32f10x.o
                0x20000020                AHBPrescTable
 .data.SystemCoreClock
                0x20000030        0x4 ./system/src/cmsis/system_stm32f10x.o
                0x20000030                SystemCoreClock
 .data.impure_data
                0x20000034       0x60 /usr/local/gcc-arm-none-eabi-4_9-2015q2/bin/../lib/gcc/arm-none-eabi/4.9.3/../../../../arm-none-eabi/lib/armv7-m/libg_nano.a(lib_a-impure.o)
 .data._impure_ptr
                0x20000094        0x4 /usr/local/gcc-arm-none-eabi-4_9-2015q2/bin/../lib/gcc/arm-none-eabi/4.9.3/../../../../arm-none-eabi/lib/armv7-m/libg_nano.a(lib_a-impure.o)
                0x20000094                _impure_ptr
 .data.lconv    0x20000098       0x38 /usr/local/gcc-arm-none-eabi-4_9-2015q2/bin/../lib/gcc/arm-none-eabi/4.9.3/../../../../arm-none-eabi/lib/armv7-m/libg_nano.a(lib_a-locale.o)
 *(.data_end .data_end.*)
 .data_end      0x200000d0        0x4 ./system/src/newlib/_startup.o
                0x200000d4                . = ALIGN (0x4)
                0x200000d4                _edata = .
                0x200000d4                __data_end__ = .

.igot.plt       0x200000d4        0x0 load address 0x08004d4c
 .igot.plt      0x00000000        0x0 ./system/src/stm32f1-stdperiph/misc.o

.bss            0x200000d4      0x2a4 load address 0x08004d4c
                0x200000d4                . = ALIGN (0x4)
                0x200000d4                __bss_start__ = .
                0x200000d4                _sbss = .
 *(.bss_begin .bss_begin.*)
 .bss_begin     0x200000d4        0x4 ./system/src/newlib/_startup.o
 *(.bss .bss.*)
 .bss.current_heap_end.3862
                0x200000d8        0x4 ./system/src/newlib/_sbrk.o
 .bss.name.4156
                0x200000dc        0x1 ./system/src/newlib/_syscalls.o
 *fill*         0x200000dd        0x3 
 .bss.buf.4998  0x200000e0       0x80 ./system/src/diag/Trace.o
 .bss.lcd_buff  0x20000160      0x1f8 ./src/f10x-pcd8544.o
                0x20000160                lcd_buff
 .bss.view      0x20000358       0x10 ./src/main.o
                0x20000358                view
 .bss.__malloc_sbrk_start
                0x20000368        0x4 /usr/local/gcc-arm-none-eabi-4_9-2015q2/bin/../lib/gcc/arm-none-eabi/4.9.3/../../../../arm-none-eabi/lib/armv7-m/libg_nano.a(lib_a-nano-mallocr.o)
                0x20000368                __malloc_sbrk_start
 .bss.__malloc_free_list
                0x2000036c        0x4 /usr/local/gcc-arm-none-eabi-4_9-2015q2/bin/../lib/gcc/arm-none-eabi/4.9.3/../../../../arm-none-eabi/lib/armv7-m/libg_nano.a(lib_a-nano-mallocr.o)
                0x2000036c                __malloc_free_list
 *(COMMON)
 COMMON         0x20000370        0x4 ./system/src/newlib/_syscalls.o
                0x20000370                errno
 *(.bss_end .bss_end.*)
 .bss_end       0x20000374        0x4 ./system/src/newlib/_startup.o
                0x20000378                . = ALIGN (0x4)
                0x20000378                __bss_end__ = .
                0x20000378                _ebss = .

.noinit         0x20000378        0x0
                0x20000378                . = ALIGN (0x4)
                0x20000378                _noinit = .
 *(.noinit .noinit.*)
                0x20000378                . = ALIGN (0x4)
                0x20000378                _end_noinit = .
                0x20000378                PROVIDE (end, _end_noinit)
                0x20000378                PROVIDE (_end, _end_noinit)
                0x20000378                PROVIDE (__end, _end_noinit)
                0x20000378                PROVIDE (__end__, _end_noinit)

._check_stack   0x20000378      0x100 load address 0x08004ff0
                0x20000378                . = ALIGN (0x4)
                0x20000478                . = (. + _Minimum_Stack_Size)
 *fill*         0x20000378      0x100 
                0x20000478                . = ALIGN (0x4)

.bss_CCMRAM
 *(.bss.CCMRAM .bss.CCMRAM.*)

.b1text
 *(.b1text)
 *(.b1rodata)
 *(.b1rodata.*)

.eb0text
 *(.eb0text)
 *(.eb0rodata)
 *(.eb0rodata.*)

.eb1text
 *(.eb1text)
 *(.eb1rodata)
 *(.eb1rodata.*)

.eb2text
 *(.eb2text)
 *(.eb2rodata)
 *(.eb2rodata.*)

.eb3text
 *(.eb3text)
 *(.eb3rodata)
 *(.eb3rodata.*)

.stab
 *(.stab)

.stabstr
 *(.stabstr)

.stab.excl
 *(.stab.excl)

.stab.exclstr
 *(.stab.exclstr)

.stab.index
 *(.stab.index)

.stab.indexstr
 *(.stab.indexstr)

.comment        0x00000000       0x70
 *(.comment)
 .comment       0x00000000       0x70 ./system/src/stm32f1-stdperiph/stm32f10x_gpio.o
                                 0x71 (size before relaxing)
 .comment       0x00000000       0x71 ./system/src/stm32f1-stdperiph/stm32f10x_i2c.o
 .comment       0x00000000       0x71 ./system/src/stm32f1-stdperiph/stm32f10x_rcc.o
 .comment       0x00000000       0x71 ./system/src/newlib/_exit.o
 .comment       0x00000000       0x71 ./system/src/newlib/_sbrk.o
 .comment       0x00000000       0x71 ./system/src/newlib/_startup.o
 .comment       0x00000000       0x71 ./system/src/newlib/_syscalls.o
 .comment       0x00000000       0x71 ./system/src/newlib/assert.o
 .comment       0x00000000       0x71 ./system/src/diag/Trace.o
 .comment       0x00000000       0x71 ./system/src/diag/trace_impl.o
 .comment       0x00000000       0x71 ./system/src/cortexm/_initialize_hardware.o
 .comment       0x00000000       0x71 ./system/src/cortexm/exception_handlers.o
 .comment       0x00000000       0x71 ./system/src/cmsis/system_stm32f10x.o
 .comment       0x00000000       0x71 ./system/src/cmsis/vectors_stm32f10x.o
 .comment       0x00000000       0x71 ./src/GY521Sensor.o
 .comment       0x00000000       0x71 ./src/Viewer.o
 .comment       0x00000000       0x71 ./src/f10x-pcd8544.o
 .comment       0x00000000       0x71 ./src/main.o

.ARM.attributes
                0x00000000       0x31
 .ARM.attributes
                0x00000000       0x33 ./system/src/stm32f1-stdperiph/stm32f10x_gpio.o
 .ARM.attributes
                0x00000033       0x33 ./system/src/stm32f1-stdperiph/stm32f10x_i2c.o
 .ARM.attributes
                0x00000066       0x33 ./system/src/stm32f1-stdperiph/stm32f10x_rcc.o
 .ARM.attributes
                0x00000099       0x33 ./system/src/newlib/_exit.o
 .ARM.attributes
                0x000000cc       0x33 ./system/src/newlib/_sbrk.o
 .ARM.attributes
                0x000000ff       0x33 ./system/src/newlib/_startup.o
 .ARM.attributes
                0x00000132       0x33 ./system/src/newlib/_syscalls.o
 .ARM.attributes
                0x00000165       0x33 ./system/src/newlib/assert.o
 .ARM.attributes
                0x00000198       0x33 ./system/src/diag/Trace.o
 .ARM.attributes
                0x000001cb       0x33 ./system/src/diag/trace_impl.o
 .ARM.attributes
                0x000001fe       0x33 ./system/src/cortexm/_initialize_hardware.o
 .ARM.attributes
                0x00000231       0x33 ./system/src/cortexm/exception_handlers.o
 .ARM.attributes
                0x00000264       0x33 ./system/src/cmsis/system_stm32f10x.o
 .ARM.attributes
                0x00000297       0x33 ./system/src/cmsis/vectors_stm32f10x.o
 .ARM.attributes
                0x000002ca       0x33 ./src/GY521Sensor.o
 .ARM.attributes
                0x000002fd       0x33 ./src/Viewer.o
 .ARM.attributes
                0x00000330       0x33 ./src/f10x-pcd8544.o
 .ARM.attributes
                0x00000363       0x33 ./src/main.o
 .ARM.attributes
                0x00000396       0x2d /usr/local/gcc-arm-none-eabi-4_9-2015q2/bin/../lib/gcc/arm-none-eabi/4.9.3/../../../../arm-none-eabi/lib/armv7-m/libstdc++_nano.a(del_op.o)
 .ARM.attributes
                0x000003c3       0x1d /usr/local/gcc-arm-none-eabi-4_9-2015q2/bin/../lib/gcc/arm-none-eabi/4.9.3/armv7-m/libgcc.a(_arm_addsubdf3.o)
 .ARM.attributes
                0x000003e0       0x1d /usr/local/gcc-arm-none-eabi-4_9-2015q2/bin/../lib/gcc/arm-none-eabi/4.9.3/armv7-m/libgcc.a(_arm_muldivdf3.o)
 .ARM.attributes
                0x000003fd       0x1d /usr/local/gcc-arm-none-eabi-4_9-2015q2/bin/../lib/gcc/arm-none-eabi/4.9.3/armv7-m/libgcc.a(_arm_truncdfsf2.o)
 .ARM.attributes
                0x0000041a       0x2d /usr/local/gcc-arm-none-eabi-4_9-2015q2/bin/../lib/gcc/arm-none-eabi/4.9.3/../../../../arm-none-eabi/lib/armv7-m/libg_nano.a(lib_a-errno.o)
 .ARM.attributes
                0x00000447       0x2d /usr/local/gcc-arm-none-eabi-4_9-2015q2/bin/../lib/gcc/arm-none-eabi/4.9.3/../../../../arm-none-eabi/lib/armv7-m/libg_nano.a(lib_a-impure.o)
 .ARM.attributes
                0x00000474       0x2d /usr/local/gcc-arm-none-eabi-4_9-2015q2/bin/../lib/gcc/arm-none-eabi/4.9.3/../../../../arm-none-eabi/lib/armv7-m/libg_nano.a(lib_a-malloc.o)
 .ARM.attributes
                0x000004a1       0x2d /usr/local/gcc-arm-none-eabi-4_9-2015q2/bin/../lib/gcc/arm-none-eabi/4.9.3/../../../../arm-none-eabi/lib/armv7-m/libg_nano.a(lib_a-memset.o)
 .ARM.attributes
                0x000004ce       0x2d /usr/local/gcc-arm-none-eabi-4_9-2015q2/bin/../lib/gcc/arm-none-eabi/4.9.3/../../../../arm-none-eabi/lib/armv7-m/libg_nano.a(lib_a-nano-freer.o)
 .ARM.attributes
                0x000004fb       0x2d /usr/local/gcc-arm-none-eabi-4_9-2015q2/bin/../lib/gcc/arm-none-eabi/4.9.3/../../../../arm-none-eabi/lib/armv7-m/libg_nano.a(lib_a-nano-mallocr.o)
 .ARM.attributes
                0x00000528       0x2d /usr/local/gcc-arm-none-eabi-4_9-2015q2/bin/../lib/gcc/arm-none-eabi/4.9.3/../../../../arm-none-eabi/lib/armv7-m/libg_nano.a(lib_a-nano-vfprintf_float.o)
 .ARM.attributes
                0x00000555       0x2d /usr/local/gcc-arm-none-eabi-4_9-2015q2/bin/../lib/gcc/arm-none-eabi/4.9.3/../../../../arm-none-eabi/lib/armv7-m/libg_nano.a(lib_a-nano-vfprintf_i.o)
 .ARM.attributes
                0x00000582       0x2d /usr/local/gcc-arm-none-eabi-4_9-2015q2/bin/../lib/gcc/arm-none-eabi/4.9.3/../../../../arm-none-eabi/lib/armv7-m/libg_nano.a(lib_a-s_fpclassify.o)
 .ARM.attributes
                0x000005af       0x2d /usr/local/gcc-arm-none-eabi-4_9-2015q2/bin/../lib/gcc/arm-none-eabi/4.9.3/../../../../arm-none-eabi/lib/armv7-m/libg_nano.a(lib_a-sbrkr.o)
 .ARM.attributes
                0x000005dc       0x2d /usr/local/gcc-arm-none-eabi-4_9-2015q2/bin/../lib/gcc/arm-none-eabi/4.9.3/../../../../arm-none-eabi/lib/armv7-m/libg_nano.a(lib_a-snprintf.o)
 .ARM.attributes
                0x00000609       0x2d /usr/local/gcc-arm-none-eabi-4_9-2015q2/bin/../lib/gcc/arm-none-eabi/4.9.3/../../../../arm-none-eabi/lib/armv7-m/libg_nano.a(lib_a-strlen.o)
 .ARM.attributes
                0x00000636       0x2d /usr/local/gcc-arm-none-eabi-4_9-2015q2/bin/../lib/gcc/arm-none-eabi/4.9.3/../../../../arm-none-eabi/lib/armv7-m/libg_nano.a(lib_a-vsnprintf.o)
 .ARM.attributes
                0x00000663       0x2d /usr/local/gcc-arm-none-eabi-4_9-2015q2/bin/../lib/gcc/arm-none-eabi/4.9.3/../../../../arm-none-eabi/lib/armv7-m/libg_nano.a(lib_a-dtoa.o)
 .ARM.attributes
                0x00000690       0x2d /usr/local/gcc-arm-none-eabi-4_9-2015q2/bin/../lib/gcc/arm-none-eabi/4.9.3/../../../../arm-none-eabi/lib/armv7-m/libg_nano.a(lib_a-locale.o)
 .ARM.attributes
                0x000006bd       0x2d /usr/local/gcc-arm-none-eabi-4_9-2015q2/bin/../lib/gcc/arm-none-eabi/4.9.3/../../../../arm-none-eabi/lib/armv7-m/libg_nano.a(lib_a-memchr.o)
 .ARM.attributes
                0x000006ea       0x2d /usr/local/gcc-arm-none-eabi-4_9-2015q2/bin/../lib/gcc/arm-none-eabi/4.9.3/../../../../arm-none-eabi/lib/armv7-m/libg_nano.a(lib_a-memcpy.o)
 .ARM.attributes
                0x00000717       0x2d /usr/local/gcc-arm-none-eabi-4_9-2015q2/bin/../lib/gcc/arm-none-eabi/4.9.3/../../../../arm-none-eabi/lib/armv7-m/libg_nano.a(lib_a-mprec.o)
 .ARM.attributes
                0x00000744       0x2d /usr/local/gcc-arm-none-eabi-4_9-2015q2/bin/../lib/gcc/arm-none-eabi/4.9.3/../../../../arm-none-eabi/lib/armv7-m/libg_nano.a(lib_a-nano-callocr.o)
 .ARM.attributes
                0x00000771       0x2d /usr/local/gcc-arm-none-eabi-4_9-2015q2/bin/../lib/gcc/arm-none-eabi/4.9.3/../../../../arm-none-eabi/lib/armv7-m/libg_nano.a(lib_a-nano-svfprintf.o)
 .ARM.attributes
                0x0000079e       0x1b /usr/local/gcc-arm-none-eabi-4_9-2015q2/bin/../lib/gcc/arm-none-eabi/4.9.3/../../../../arm-none-eabi/lib/armv7-m/libg_nano.a(lib_a-strcmp.o)
 .ARM.attributes
                0x000007b9       0x2d /usr/local/gcc-arm-none-eabi-4_9-2015q2/bin/../lib/gcc/arm-none-eabi/4.9.3/../../../../arm-none-eabi/lib/armv7-m/libg_nano.a(lib_a-memmove.o)
 .ARM.attributes
                0x000007e6       0x2d /usr/local/gcc-arm-none-eabi-4_9-2015q2/bin/../lib/gcc/arm-none-eabi/4.9.3/../../../../arm-none-eabi/lib/armv7-m/libg_nano.a(lib_a-nano-reallocr.o)
 .ARM.attributes
                0x00000813       0x2d /usr/local/gcc-arm-none-eabi-4_9-2015q2/bin/../lib/gcc/arm-none-eabi/4.9.3/../../../../arm-none-eabi/lib/armv7-m/libg_nano.a(lib_a-nano-msizer.o)
 .ARM.attributes
                0x00000840       0x1d /usr/local/gcc-arm-none-eabi-4_9-2015q2/bin/../lib/gcc/arm-none-eabi/4.9.3/armv7-m/libgcc.a(_arm_cmpdf2.o)
 .ARM.attributes
                0x0000085d       0x1d /usr/local/gcc-arm-none-eabi-4_9-2015q2/bin/../lib/gcc/arm-none-eabi/4.9.3/armv7-m/libgcc.a(_arm_fixdfsi.o)

.debug
 *(.debug)

.line
 *(.line)

.debug_srcinfo
 *(.debug_srcinfo)

.debug_sfnames
 *(.debug_sfnames)

.debug_aranges  0x00000000      0x6d0
 *(.debug_aranges)
 .debug_aranges
                0x00000000       0xa8 ./system/src/stm32f1-stdperiph/stm32f10x_gpio.o
 .debug_aranges
                0x000000a8      0x120 ./system/src/stm32f1-stdperiph/stm32f10x_i2c.o
 .debug_aranges
                0x000001c8      0x118 ./system/src/stm32f1-stdperiph/stm32f10x_rcc.o
 .debug_aranges
                0x000002e0       0x28 ./system/src/newlib/_exit.o
 .debug_aranges
                0x00000308       0x20 ./system/src/newlib/_sbrk.o
 .debug_aranges
                0x00000328       0x40 ./system/src/newlib/_startup.o
 .debug_aranges
                0x00000368       0x30 ./system/src/newlib/_syscalls.o
 .debug_aranges
                0x00000398       0x28 ./system/src/newlib/assert.o
 .debug_aranges
                0x000003c0       0x38 ./system/src/diag/Trace.o
 .debug_aranges
                0x000003f8       0x28 ./system/src/diag/trace_impl.o
 .debug_aranges
                0x00000420       0x28 ./system/src/cortexm/_initialize_hardware.o
 .debug_aranges
                0x00000448       0x90 ./system/src/cortexm/exception_handlers.o
 .debug_aranges
                0x000004d8       0x28 ./system/src/cmsis/system_stm32f10x.o
 .debug_aranges
                0x00000500       0x20 ./system/src/cmsis/vectors_stm32f10x.o
 .debug_aranges
                0x00000520       0xb0 ./src/GY521Sensor.o
 .debug_aranges
                0x000005d0       0x60 ./src/Viewer.o
 .debug_aranges
                0x00000630       0x70 ./src/f10x-pcd8544.o
 .debug_aranges
                0x000006a0       0x30 ./src/main.o

.debug_pubnames
 *(.debug_pubnames)

.debug_info     0x00000000     0x8ce5
 *(.debug_info .gnu.linkonce.wi.*)
 .debug_info    0x00000000      0xbd4 ./system/src/stm32f1-stdperiph/stm32f10x_gpio.o
 .debug_info    0x00000bd4     0x12e9 ./system/src/stm32f1-stdperiph/stm32f10x_i2c.o
 .debug_info    0x00001ebd      0xc6b ./system/src/stm32f1-stdperiph/stm32f10x_rcc.o
 .debug_info    0x00002b28      0x100 ./system/src/newlib/_exit.o
 .debug_info    0x00002c28      0x125 ./system/src/newlib/_sbrk.o
 .debug_info    0x00002d4d      0x466 ./system/src/newlib/_startup.o
 .debug_info    0x000031b3      0x1a9 ./system/src/newlib/_syscalls.o
 .debug_info    0x0000335c      0x1b8 ./system/src/newlib/assert.o
 .debug_info    0x00003514      0x31d ./system/src/diag/Trace.o
 .debug_info    0x00003831      0x316 ./system/src/diag/trace_impl.o
 .debug_info    0x00003b47       0xdf ./system/src/cortexm/_initialize_hardware.o
 .debug_info    0x00003c26      0x920 ./system/src/cortexm/exception_handlers.o
 .debug_info    0x00004546      0x47d ./system/src/cmsis/system_stm32f10x.o
 .debug_info    0x000049c3       0xd1 ./system/src/cmsis/vectors_stm32f10x.o
 .debug_info    0x00004a94     0x1b6e ./src/GY521Sensor.o
 .debug_info    0x00006602     0x14f8 ./src/Viewer.o
 .debug_info    0x00007afa      0xcdc ./src/f10x-pcd8544.o
 .debug_info    0x000087d6      0x50f ./src/main.o

.debug_abbrev   0x00000000     0x200f
 *(.debug_abbrev)
 .debug_abbrev  0x00000000      0x217 ./system/src/stm32f1-stdperiph/stm32f10x_gpio.o
 .debug_abbrev  0x00000217      0x205 ./system/src/stm32f1-stdperiph/stm32f10x_i2c.o
 .debug_abbrev  0x0000041c      0x1ff ./system/src/stm32f1-stdperiph/stm32f10x_rcc.o
 .debug_abbrev  0x0000061b       0xa4 ./system/src/newlib/_exit.o
 .debug_abbrev  0x000006bf       0xbb ./system/src/newlib/_sbrk.o
 .debug_abbrev  0x0000077a      0x20a ./system/src/newlib/_startup.o
 .debug_abbrev  0x00000984       0xe7 ./system/src/newlib/_syscalls.o
 .debug_abbrev  0x00000a6b       0xc9 ./system/src/newlib/assert.o
 .debug_abbrev  0x00000b34      0x191 ./system/src/diag/Trace.o
 .debug_abbrev  0x00000cc5      0x18e ./system/src/diag/trace_impl.o
 .debug_abbrev  0x00000e53       0x8b ./system/src/cortexm/_initialize_hardware.o
 .debug_abbrev  0x00000ede      0x28f ./system/src/cortexm/exception_handlers.o
 .debug_abbrev  0x0000116d      0x171 ./system/src/cmsis/system_stm32f10x.o
 .debug_abbrev  0x000012de       0x9d ./system/src/cmsis/vectors_stm32f10x.o
 .debug_abbrev  0x0000137b      0x408 ./src/GY521Sensor.o
 .debug_abbrev  0x00001783      0x3a5 ./src/Viewer.o
 .debug_abbrev  0x00001b28      0x2bb ./src/f10x-pcd8544.o
 .debug_abbrev  0x00001de3      0x22c ./src/main.o

.debug_line     0x00000000     0x55ae
 *(.debug_line)
 .debug_line    0x00000000      0x910 ./system/src/stm32f1-stdperiph/stm32f10x_gpio.o
 .debug_line    0x00000910      0xa7f ./system/src/stm32f1-stdperiph/stm32f10x_i2c.o
 .debug_line    0x0000138f      0x855 ./system/src/stm32f1-stdperiph/stm32f10x_rcc.o
 .debug_line    0x00001be4      0x28a ./system/src/newlib/_exit.o
 .debug_line    0x00001e6e      0x236 ./system/src/newlib/_sbrk.o
 .debug_line    0x000020a4      0x2fd ./system/src/newlib/_startup.o
 .debug_line    0x000023a1      0x356 ./system/src/newlib/_syscalls.o
 .debug_line    0x000026f7      0x2bd ./system/src/newlib/assert.o
 .debug_line    0x000029b4      0x2f8 ./system/src/diag/Trace.o
 .debug_line    0x00002cac      0x544 ./system/src/diag/trace_impl.o
 .debug_line    0x000031f0      0x352 ./system/src/cortexm/_initialize_hardware.o
 .debug_line    0x00003542      0x63b ./system/src/cortexm/exception_handlers.o
 .debug_line    0x00003b7d      0x39c ./system/src/cmsis/system_stm32f10x.o
 .debug_line    0x00003f19       0xf7 ./system/src/cmsis/vectors_stm32f10x.o
 .debug_line    0x00004010      0x6fb ./src/GY521Sensor.o
 .debug_line    0x0000470b      0x3e9 ./src/Viewer.o
 .debug_line    0x00004af4      0x536 ./src/f10x-pcd8544.o
 .debug_line    0x0000502a      0x584 ./src/main.o

.debug_frame    0x00000000     0x1a28
 *(.debug_frame)
 .debug_frame   0x00000000      0x228 ./system/src/stm32f1-stdperiph/stm32f10x_gpio.o
 .debug_frame   0x00000228      0x3c0 ./system/src/stm32f1-stdperiph/stm32f10x_i2c.o
 .debug_frame   0x000005e8      0x320 ./system/src/stm32f1-stdperiph/stm32f10x_rcc.o
 .debug_frame   0x00000908       0x38 ./system/src/newlib/_exit.o
 .debug_frame   0x00000940       0x28 ./system/src/newlib/_sbrk.o
 .debug_frame   0x00000968       0x80 ./system/src/newlib/_startup.o
 .debug_frame   0x000009e8       0x50 ./system/src/newlib/_syscalls.o
 .debug_frame   0x00000a38       0x40 ./system/src/newlib/assert.o
 .debug_frame   0x00000a78       0xa0 ./system/src/diag/Trace.o
 .debug_frame   0x00000b18       0x50 ./system/src/diag/trace_impl.o
 .debug_frame   0x00000b68       0x30 ./system/src/cortexm/_initialize_hardware.o
 .debug_frame   0x00000b98      0x164 ./system/src/cortexm/exception_handlers.o
 .debug_frame   0x00000cfc       0x44 ./system/src/cmsis/system_stm32f10x.o
 .debug_frame   0x00000d40       0x20 ./system/src/cmsis/vectors_stm32f10x.o
 .debug_frame   0x00000d60      0x1e8 ./src/GY521Sensor.o
 .debug_frame   0x00000f48      0x11c ./src/Viewer.o
 .debug_frame   0x00001064      0x1b0 ./src/f10x-pcd8544.o
 .debug_frame   0x00001214       0x50 ./src/main.o
 .debug_frame   0x00001264       0x20 /usr/local/gcc-arm-none-eabi-4_9-2015q2/bin/../lib/gcc/arm-none-eabi/4.9.3/../../../../arm-none-eabi/lib/armv7-m/libstdc++_nano.a(del_op.o)
 .debug_frame   0x00001284       0x20 /usr/local/gcc-arm-none-eabi-4_9-2015q2/bin/../lib/gcc/arm-none-eabi/4.9.3/../../../../arm-none-eabi/lib/armv7-m/libg_nano.a(lib_a-errno.o)
 .debug_frame   0x000012a4       0x30 /usr/local/gcc-arm-none-eabi-4_9-2015q2/bin/../lib/gcc/arm-none-eabi/4.9.3/../../../../arm-none-eabi/lib/armv7-m/libg_nano.a(lib_a-malloc.o)
 .debug_frame   0x000012d4       0x20 /usr/local/gcc-arm-none-eabi-4_9-2015q2/bin/../lib/gcc/arm-none-eabi/4.9.3/../../../../arm-none-eabi/lib/armv7-m/libg_nano.a(lib_a-memset.o)
 .debug_frame   0x000012f4       0x2c /usr/local/gcc-arm-none-eabi-4_9-2015q2/bin/../lib/gcc/arm-none-eabi/4.9.3/../../../../arm-none-eabi/lib/armv7-m/libg_nano.a(lib_a-nano-freer.o)
 .debug_frame   0x00001320       0x2c /usr/local/gcc-arm-none-eabi-4_9-2015q2/bin/../lib/gcc/arm-none-eabi/4.9.3/../../../../arm-none-eabi/lib/armv7-m/libg_nano.a(lib_a-nano-mallocr.o)
 .debug_frame   0x0000134c       0x8c /usr/local/gcc-arm-none-eabi-4_9-2015q2/bin/../lib/gcc/arm-none-eabi/4.9.3/../../../../arm-none-eabi/lib/armv7-m/libg_nano.a(lib_a-nano-vfprintf_float.o)
 .debug_frame   0x000013d8       0x58 /usr/local/gcc-arm-none-eabi-4_9-2015q2/bin/../lib/gcc/arm-none-eabi/4.9.3/../../../../arm-none-eabi/lib/armv7-m/libg_nano.a(lib_a-nano-vfprintf_i.o)
 .debug_frame   0x00001430       0x28 /usr/local/gcc-arm-none-eabi-4_9-2015q2/bin/../lib/gcc/arm-none-eabi/4.9.3/../../../../arm-none-eabi/lib/armv7-m/libg_nano.a(lib_a-s_fpclassify.o)
 .debug_frame   0x00001458       0x2c /usr/local/gcc-arm-none-eabi-4_9-2015q2/bin/../lib/gcc/arm-none-eabi/4.9.3/../../../../arm-none-eabi/lib/armv7-m/libg_nano.a(lib_a-sbrkr.o)
 .debug_frame   0x00001484       0x74 /usr/local/gcc-arm-none-eabi-4_9-2015q2/bin/../lib/gcc/arm-none-eabi/4.9.3/../../../../arm-none-eabi/lib/armv7-m/libg_nano.a(lib_a-snprintf.o)
 .debug_frame   0x000014f8       0x20 /usr/local/gcc-arm-none-eabi-4_9-2015q2/bin/../lib/gcc/arm-none-eabi/4.9.3/../../../../arm-none-eabi/lib/armv7-m/libg_nano.a(lib_a-strlen.o)
 .debug_frame   0x00001518       0x50 /usr/local/gcc-arm-none-eabi-4_9-2015q2/bin/../lib/gcc/arm-none-eabi/4.9.3/../../../../arm-none-eabi/lib/armv7-m/libg_nano.a(lib_a-vsnprintf.o)
 .debug_frame   0x00001568       0x6c /usr/local/gcc-arm-none-eabi-4_9-2015q2/bin/../lib/gcc/arm-none-eabi/4.9.3/../../../../arm-none-eabi/lib/armv7-m/libg_nano.a(lib_a-dtoa.o)
 .debug_frame   0x000015d4       0x98 /usr/local/gcc-arm-none-eabi-4_9-2015q2/bin/../lib/gcc/arm-none-eabi/4.9.3/../../../../arm-none-eabi/lib/armv7-m/libg_nano.a(lib_a-locale.o)
 .debug_frame   0x0000166c       0x28 /usr/local/gcc-arm-none-eabi-4_9-2015q2/bin/../lib/gcc/arm-none-eabi/4.9.3/../../../../arm-none-eabi/lib/armv7-m/libg_nano.a(lib_a-memchr.o)
 .debug_frame   0x00001694       0x28 /usr/local/gcc-arm-none-eabi-4_9-2015q2/bin/../lib/gcc/arm-none-eabi/4.9.3/../../../../arm-none-eabi/lib/armv7-m/libg_nano.a(lib_a-memcpy.o)
 .debug_frame   0x000016bc      0x230 /usr/local/gcc-arm-none-eabi-4_9-2015q2/bin/../lib/gcc/arm-none-eabi/4.9.3/../../../../arm-none-eabi/lib/armv7-m/libg_nano.a(lib_a-mprec.o)
 .debug_frame   0x000018ec       0x2c /usr/local/gcc-arm-none-eabi-4_9-2015q2/bin/../lib/gcc/arm-none-eabi/4.9.3/../../../../arm-none-eabi/lib/armv7-m/libg_nano.a(lib_a-nano-callocr.o)
 .debug_frame   0x00001918       0x8c /usr/local/gcc-arm-none-eabi-4_9-2015q2/bin/../lib/gcc/arm-none-eabi/4.9.3/../../../../arm-none-eabi/lib/armv7-m/libg_nano.a(lib_a-nano-svfprintf.o)
 .debug_frame   0x000019a4       0x28 /usr/local/gcc-arm-none-eabi-4_9-2015q2/bin/../lib/gcc/arm-none-eabi/4.9.3/../../../../arm-none-eabi/lib/armv7-m/libg_nano.a(lib_a-memmove.o)
 .debug_frame   0x000019cc       0x3c /usr/local/gcc-arm-none-eabi-4_9-2015q2/bin/../lib/gcc/arm-none-eabi/4.9.3/../../../../arm-none-eabi/lib/armv7-m/libg_nano.a(lib_a-nano-reallocr.o)
 .debug_frame   0x00001a08       0x20 /usr/local/gcc-arm-none-eabi-4_9-2015q2/bin/../lib/gcc/arm-none-eabi/4.9.3/../../../../arm-none-eabi/lib/armv7-m/libg_nano.a(lib_a-nano-msizer.o)

.debug_str      0x00000000    0x5889c
 *(.debug_str)
 .debug_str     0x00000000    0x4e6fe ./system/src/stm32f1-stdperiph/stm32f10x_gpio.o
                              0x4e8e3 (size before relaxing)
 .debug_str     0x0004e6fe      0x914 ./system/src/stm32f1-stdperiph/stm32f10x_i2c.o
                              0x4ec97 (size before relaxing)
 .debug_str     0x0004f012      0xaaa ./system/src/stm32f1-stdperiph/stm32f10x_rcc.o
                              0x4eeb2 (size before relaxing)
 .debug_str     0x0004fabc     0x37d0 ./system/src/newlib/_exit.o
                               0x5e40 (size before relaxing)
 .debug_str     0x0005328c      0x4d6 ./system/src/newlib/_sbrk.o
                               0x45b2 (size before relaxing)
 .debug_str     0x00053762      0x26b ./system/src/newlib/_startup.o
                               0x418a (size before relaxing)
 .debug_str     0x000539cd     0x1174 ./system/src/newlib/_syscalls.o
                               0x65ac (size before relaxing)
 .debug_str     0x00054b41       0xda ./system/src/newlib/assert.o
                               0x6949 (size before relaxing)
 .debug_str     0x00054c1b      0x9bc ./system/src/diag/Trace.o
                               0x6761 (size before relaxing)
 .debug_str     0x000555d7      0x372 ./system/src/diag/trace_impl.o
                              0x511eb (size before relaxing)
 .debug_str     0x00055949       0x4e ./system/src/cortexm/_initialize_hardware.o
                              0x4e34e (size before relaxing)
 .debug_str     0x00055997      0x1fc ./system/src/cortexm/exception_handlers.o
                              0x51f89 (size before relaxing)
 .debug_str     0x00055b93       0xa6 ./system/src/cmsis/system_stm32f10x.o
                              0x4e477 (size before relaxing)
 .debug_str     0x00055c39       0x57 ./system/src/cmsis/vectors_stm32f10x.o
                               0x3044 (size before relaxing)
 .debug_str     0x00055c90     0x11e3 ./src/GY521Sensor.o
                              0x51b7c (size before relaxing)
 .debug_str     0x00056e73     0x16d9 ./src/Viewer.o
                               0x7086 (size before relaxing)
 .debug_str     0x0005854c      0x2c3 ./src/f10x-pcd8544.o
                              0x4ea73 (size before relaxing)
 .debug_str     0x0005880f       0x8d ./src/main.o
                              0x52afd (size before relaxing)

.debug_loc      0x00000000     0x3f48
 *(.debug_loc)
 .debug_loc     0x00000000      0xa3d ./system/src/stm32f1-stdperiph/stm32f10x_gpio.o
 .debug_loc     0x00000a3d      0xe0f ./system/src/stm32f1-stdperiph/stm32f10x_i2c.o
 .debug_loc     0x0000184c      0xa34 ./system/src/stm32f1-stdperiph/stm32f10x_rcc.o
 .debug_loc     0x00002280       0x6a ./system/src/newlib/_sbrk.o
 .debug_loc     0x000022ea      0x1b2 ./system/src/newlib/_startup.o
 .debug_loc     0x0000249c       0x63 ./system/src/newlib/_syscalls.o
 .debug_loc     0x000024ff      0x129 ./system/src/newlib/assert.o
 .debug_loc     0x00002628      0x10f ./system/src/diag/Trace.o
 .debug_loc     0x00002737      0x1e0 ./system/src/diag/trace_impl.o
 .debug_loc     0x00002917      0x2d4 ./system/src/cortexm/exception_handlers.o
 .debug_loc     0x00002beb       0xbc ./system/src/cmsis/system_stm32f10x.o
 .debug_loc     0x00002ca7      0x389 ./src/GY521Sensor.o
 .debug_loc     0x00003030      0x248 ./src/Viewer.o
 .debug_loc     0x00003278      0xc8e ./src/f10x-pcd8544.o
 .debug_loc     0x00003f06       0x42 ./src/main.o

.debug_macinfo
 *(.debug_macinfo)

.debug_weaknames
 *(.debug_weaknames)

.debug_funcnames
 *(.debug_funcnames)

.debug_typenames
 *(.debug_typenames)

.debug_varnames
 *(.debug_varnames)
OUTPUT(RotateTracker.elf elf32-littlearm)

.debug_ranges   0x00000000      0x920
 .debug_ranges  0x00000000       0x98 ./system/src/stm32f1-stdperiph/stm32f10x_gpio.o
 .debug_ranges  0x00000098      0x110 ./system/src/stm32f1-stdperiph/stm32f10x_i2c.o
 .debug_ranges  0x000001a8      0x108 ./system/src/stm32f1-stdperiph/stm32f10x_rcc.o
 .debug_ranges  0x000002b0       0x18 ./system/src/newlib/_exit.o
 .debug_ranges  0x000002c8       0x10 ./system/src/newlib/_sbrk.o
 .debug_ranges  0x000002d8       0x88 ./system/src/newlib/_startup.o
 .debug_ranges  0x00000360       0x20 ./system/src/newlib/_syscalls.o
 .debug_ranges  0x00000380       0x18 ./system/src/newlib/assert.o
 .debug_ranges  0x00000398       0x28 ./system/src/diag/Trace.o
 .debug_ranges  0x000003c0       0x38 ./system/src/diag/trace_impl.o
 .debug_ranges  0x000003f8       0x18 ./system/src/cortexm/_initialize_hardware.o
 .debug_ranges  0x00000410       0xc8 ./system/src/cortexm/exception_handlers.o
 .debug_ranges  0x000004d8       0x38 ./system/src/cmsis/system_stm32f10x.o
 .debug_ranges  0x00000510       0x10 ./system/src/cmsis/vectors_stm32f10x.o
 .debug_ranges  0x00000520      0x188 ./src/GY521Sensor.o
 .debug_ranges  0x000006a8       0x50 ./src/Viewer.o
 .debug_ranges  0x000006f8      0x208 ./src/f10x-pcd8544.o
 .debug_ranges  0x00000900       0x20 ./src/main.o

.debug_macro    0x00000000     0x4b59
 .debug_macro   0x00000000      0x1aa ./system/src/stm32f1-stdperiph/stm32f10x_gpio.o
 .debug_macro   0x000001aa      0x2a6 ./system/src/stm32f1-stdperiph/stm32f10x_gpio.o
 .debug_macro   0x00000450      0x22e ./system/src/stm32f1-stdperiph/stm32f10x_i2c.o
 .debug_macro   0x0000067e      0x2ae ./system/src/stm32f1-stdperiph/stm32f10x_i2c.o
 .debug_macro   0x0000092c      0x278 ./system/src/stm32f1-stdperiph/stm32f10x_rcc.o
 .debug_macro   0x00000ba4      0x3dc ./system/src/stm32f1-stdperiph/stm32f10x_rcc.o
 .debug_macro   0x00000f80      0x131 ./system/src/newlib/_exit.o
 .debug_macro   0x000010b1       0x9c ./system/src/newlib/_exit.o
 .debug_macro   0x0000114d      0x10e ./system/src/newlib/_exit.o
 .debug_macro   0x0000125b       0x86 ./system/src/newlib/_exit.o
 .debug_macro   0x000012e1       0x43 ./system/src/newlib/_exit.o
 .debug_macro   0x00001324      0x27a ./system/src/newlib/_exit.o
 .debug_macro   0x0000159e       0x16 ./system/src/newlib/_exit.o
 .debug_macro   0x000015b4       0x29 ./system/src/newlib/_exit.o
 .debug_macro   0x000015dd       0x35 ./system/src/newlib/_exit.o
 .debug_macro   0x00001612       0xda ./system/src/newlib/_sbrk.o
 .debug_macro   0x000016ec       0x19 ./system/src/newlib/_sbrk.o
 .debug_macro   0x00001705      0x16d ./system/src/newlib/_sbrk.o
 .debug_macro   0x00001872       0x10 ./system/src/newlib/_sbrk.o
 .debug_macro   0x00001882      0x23b ./system/src/newlib/_sbrk.o
 .debug_macro   0x00001abd       0xe4 ./system/src/newlib/_startup.o
 .debug_macro   0x00001ba1      0x1ad ./system/src/newlib/_syscalls.o
 .debug_macro   0x00001d4e       0x1c ./system/src/newlib/_syscalls.o
 .debug_macro   0x00001d6a       0x10 ./system/src/newlib/_syscalls.o
 .debug_macro   0x00001d7a       0x10 ./system/src/newlib/_syscalls.o
 .debug_macro   0x00001d8a       0x10 ./system/src/newlib/_syscalls.o
 .debug_macro   0x00001d9a       0x10 ./system/src/newlib/_syscalls.o
 .debug_macro   0x00001daa       0x35 ./system/src/newlib/_syscalls.o
 .debug_macro   0x00001ddf      0x122 ./system/src/newlib/_syscalls.o
 .debug_macro   0x00001f01       0x2e ./system/src/newlib/_syscalls.o
 .debug_macro   0x00001f2f       0x82 ./system/src/newlib/_syscalls.o
 .debug_macro   0x00001fb1       0x2b ./system/src/newlib/_syscalls.o
 .debug_macro   0x00001fdc      0x118 ./system/src/newlib/_syscalls.o
 .debug_macro   0x000020f4      0x13e ./system/src/newlib/_syscalls.o
 .debug_macro   0x00002232       0x16 ./system/src/newlib/_syscalls.o
 .debug_macro   0x00002248      0x14d ./system/src/newlib/assert.o
 .debug_macro   0x00002395       0x1c ./system/src/newlib/assert.o
 .debug_macro   0x000023b1      0x15e ./system/src/diag/Trace.o
 .debug_macro   0x0000250f       0x16 ./system/src/diag/Trace.o
 .debug_macro   0x00002525       0x97 ./system/src/diag/Trace.o
 .debug_macro   0x000025bc       0xf6 ./system/src/diag/Trace.o
 .debug_macro   0x000026b2       0x10 ./system/src/diag/Trace.o
 .debug_macro   0x000026c2       0x16 ./system/src/diag/Trace.o
 .debug_macro   0x000026d8      0x197 ./system/src/diag/Trace.o
 .debug_macro   0x0000286f       0x52 ./system/src/diag/Trace.o
 .debug_macro   0x000028c1       0x16 ./system/src/diag/Trace.o
 .debug_macro   0x000028d7      0x24f ./system/src/diag/trace_impl.o
 .debug_macro   0x00002b26       0x10 ./system/src/diag/trace_impl.o
 .debug_macro   0x00002b36       0xc8 ./system/src/diag/trace_impl.o
 .debug_macro   0x00002bfe       0xbe ./system/src/diag/trace_impl.o
 .debug_macro   0x00002cbc       0x22 ./system/src/diag/trace_impl.o
 .debug_macro   0x00002cde      0x15c ./system/src/cortexm/_initialize_hardware.o
 .debug_macro   0x00002e3a      0x28a ./system/src/cortexm/exception_handlers.o
 .debug_macro   0x000030c4       0x10 ./system/src/cortexm/exception_handlers.o
 .debug_macro   0x000030d4      0x15f ./system/src/cmsis/system_stm32f10x.o
 .debug_macro   0x00003233       0x34 ./system/src/cmsis/vectors_stm32f10x.o
 .debug_macro   0x00003267      0x229 ./src/GY521Sensor.o
 .debug_macro   0x00003490      0xa8b ./src/GY521Sensor.o
 .debug_macro   0x00003f1b       0xdc ./src/GY521Sensor.o
 .debug_macro   0x00003ff7      0x174 ./src/GY521Sensor.o
 .debug_macro   0x0000416b      0x14d ./src/Viewer.o
 .debug_macro   0x000042b8       0x2e ./src/Viewer.o
 .debug_macro   0x000042e6       0x97 ./src/Viewer.o
 .debug_macro   0x0000437d       0xfd ./src/Viewer.o
 .debug_macro   0x0000447a      0x166 ./src/Viewer.o
 .debug_macro   0x000045e0      0x100 ./src/Viewer.o
 .debug_macro   0x000046e0      0x1a5 ./src/f10x-pcd8544.o
 .debug_macro   0x00004885      0x2d4 ./src/main.o
