Archive member included because of file (symbol)

/usr/local/gcc-arm-none-eabi-4_9-2015q2/bin/../lib/gcc/arm-none-eabi/4.9.3/../../../../arm-none-eabi/lib/armv7-m/libstdc++_nano.a(del_op.o)
                              ./src/GY521Sensor.o (operator delete(void*))
/usr/local/gcc-arm-none-eabi-4_9-2015q2/bin/../lib/gcc/arm-none-eabi/4.9.3/armv7-m/libgcc.a(_arm_addsubdf3.o)
                              ./src/GY521Sensor.o (__aeabi_dadd)
/usr/local/gcc-arm-none-eabi-4_9-2015q2/bin/../lib/gcc/arm-none-eabi/4.9.3/armv7-m/libgcc.a(_arm_muldivdf3.o)
                              ./src/GY521Sensor.o (__aeabi_ddiv)
/usr/local/gcc-arm-none-eabi-4_9-2015q2/bin/../lib/gcc/arm-none-eabi/4.9.3/armv7-m/libgcc.a(_arm_truncdfsf2.o)
                              ./src/GY521Sensor.o (__aeabi_d2f)
/usr/local/gcc-arm-none-eabi-4_9-2015q2/bin/../lib/gcc/arm-none-eabi/4.9.3/../../../../arm-none-eabi/lib/armv7-m/libg_nano.a(lib_a-errno.o)
                              ./system/src/newlib/_sbrk.o (__errno)
/usr/local/gcc-arm-none-eabi-4_9-2015q2/bin/../lib/gcc/arm-none-eabi/4.9.3/../../../../arm-none-eabi/lib/armv7-m/libg_nano.a(lib_a-impure.o)
                              /usr/local/gcc-arm-none-eabi-4_9-2015q2/bin/../lib/gcc/arm-none-eabi/4.9.3/../../../../arm-none-eabi/lib/armv7-m/libg_nano.a(lib_a-errno.o) (_impure_ptr)
/usr/local/gcc-arm-none-eabi-4_9-2015q2/bin/../lib/gcc/arm-none-eabi/4.9.3/../../../../arm-none-eabi/lib/armv7-m/libg_nano.a(lib_a-malloc.o)
                              /usr/local/gcc-arm-none-eabi-4_9-2015q2/bin/../lib/gcc/arm-none-eabi/4.9.3/../../../../arm-none-eabi/lib/armv7-m/libstdc++_nano.a(del_op.o) (free)
/usr/local/gcc-arm-none-eabi-4_9-2015q2/bin/../lib/gcc/arm-none-eabi/4.9.3/../../../../arm-none-eabi/lib/armv7-m/libg_nano.a(lib_a-memset.o)
                              ./src/GY521Sensor.o (memset)
/usr/local/gcc-arm-none-eabi-4_9-2015q2/bin/../lib/gcc/arm-none-eabi/4.9.3/../../../../arm-none-eabi/lib/armv7-m/libg_nano.a(lib_a-nano-freer.o)
                              /usr/local/gcc-arm-none-eabi-4_9-2015q2/bin/../lib/gcc/arm-none-eabi/4.9.3/../../../../arm-none-eabi/lib/armv7-m/libg_nano.a(lib_a-malloc.o) (_free_r)
/usr/local/gcc-arm-none-eabi-4_9-2015q2/bin/../lib/gcc/arm-none-eabi/4.9.3/../../../../arm-none-eabi/lib/armv7-m/libg_nano.a(lib_a-nano-mallocr.o)
                              /usr/local/gcc-arm-none-eabi-4_9-2015q2/bin/../lib/gcc/arm-none-eabi/4.9.3/../../../../arm-none-eabi/lib/armv7-m/libg_nano.a(lib_a-malloc.o) (_malloc_r)
/usr/local/gcc-arm-none-eabi-4_9-2015q2/bin/../lib/gcc/arm-none-eabi/4.9.3/../../../../arm-none-eabi/lib/armv7-m/libg_nano.a(lib_a-sbrkr.o)
                              /usr/local/gcc-arm-none-eabi-4_9-2015q2/bin/../lib/gcc/arm-none-eabi/4.9.3/../../../../arm-none-eabi/lib/armv7-m/libg_nano.a(lib_a-nano-mallocr.o) (_sbrk_r)
/usr/local/gcc-arm-none-eabi-4_9-2015q2/bin/../lib/gcc/arm-none-eabi/4.9.3/../../../../arm-none-eabi/lib/armv7-m/libg_nano.a(lib_a-snprintf.o)
                              ./src/Viewer.o (snprintf)
/usr/local/gcc-arm-none-eabi-4_9-2015q2/bin/../lib/gcc/arm-none-eabi/4.9.3/../../../../arm-none-eabi/lib/armv7-m/libg_nano.a(lib_a-sprintf.o)
                              ./src/Viewer.o (sprintf)
/usr/local/gcc-arm-none-eabi-4_9-2015q2/bin/../lib/gcc/arm-none-eabi/4.9.3/../../../../arm-none-eabi/lib/armv7-m/libg_nano.a(lib_a-nano-svfprintf.o)
                              /usr/local/gcc-arm-none-eabi-4_9-2015q2/bin/../lib/gcc/arm-none-eabi/4.9.3/../../../../arm-none-eabi/lib/armv7-m/libg_nano.a(lib_a-snprintf.o) (_svfprintf_r)
/usr/local/gcc-arm-none-eabi-4_9-2015q2/bin/../lib/gcc/arm-none-eabi/4.9.3/../../../../arm-none-eabi/lib/armv7-m/libg_nano.a(lib_a-nano-vfprintf_i.o)
                              /usr/local/gcc-arm-none-eabi-4_9-2015q2/bin/../lib/gcc/arm-none-eabi/4.9.3/../../../../arm-none-eabi/lib/armv7-m/libg_nano.a(lib_a-nano-svfprintf.o) (_printf_i)
/usr/local/gcc-arm-none-eabi-4_9-2015q2/bin/../lib/gcc/arm-none-eabi/4.9.3/../../../../arm-none-eabi/lib/armv7-m/libg_nano.a(lib_a-memchr.o)
                              /usr/local/gcc-arm-none-eabi-4_9-2015q2/bin/../lib/gcc/arm-none-eabi/4.9.3/../../../../arm-none-eabi/lib/armv7-m/libg_nano.a(lib_a-nano-svfprintf.o) (memchr)
/usr/local/gcc-arm-none-eabi-4_9-2015q2/bin/../lib/gcc/arm-none-eabi/4.9.3/../../../../arm-none-eabi/lib/armv7-m/libg_nano.a(lib_a-memcpy.o)
                              /usr/local/gcc-arm-none-eabi-4_9-2015q2/bin/../lib/gcc/arm-none-eabi/4.9.3/../../../../arm-none-eabi/lib/armv7-m/libg_nano.a(lib_a-nano-svfprintf.o) (memcpy)
/usr/local/gcc-arm-none-eabi-4_9-2015q2/bin/../lib/gcc/arm-none-eabi/4.9.3/../../../../arm-none-eabi/lib/armv7-m/libg_nano.a(lib_a-memmove.o)
                              /usr/local/gcc-arm-none-eabi-4_9-2015q2/bin/../lib/gcc/arm-none-eabi/4.9.3/../../../../arm-none-eabi/lib/armv7-m/libg_nano.a(lib_a-nano-svfprintf.o) (memmove)
[...]
Memory Configuration

Name             Origin             Length             Attributes
RAM              0x20000000         0x00010000         xrw
CCMRAM           0x00000000         0x00000000         xrw
FLASH            0x08000000         0x00080000         xr
FLASHB1          0x00000000         0x00000000         xr
EXTMEMB0         0x00000000         0x00000000         xr
EXTMEMB1         0x00000000         0x00000000         xr
EXTMEMB2         0x00000000         0x00000000         xr
EXTMEMB3         0x00000000         0x00000000         xr
MEMORY_ARRAY     0x00000000         0x00000000         xrw
*default*        0x00000000         0xffffffff

Linker script and memory map

LOAD ./system/src/stm32f1-stdperiph/misc.o
LOAD ./system/src/stm32f1-stdperiph/stm32f10x_adc.o
LOAD ./system/src/stm32f1-stdperiph/stm32f10x_bkp.o
LOAD ./system/src/stm32f1-stdperiph/stm32f10x_can.o
LOAD ./system/src/stm32f1-stdperiph/stm32f10x_cec.o
LOAD ./system/src/stm32f1-stdperiph/stm32f10x_crc.o
LOAD ./system/src/stm32f1-stdperiph/stm32f10x_dac.o
LOAD ./system/src/stm32f1-stdperiph/stm32f10x_dbgmcu.o
LOAD ./system/src/stm32f1-stdperiph/stm32f10x_dma.o
LOAD ./system/src/stm32f1-stdperiph/stm32f10x_exti.o
LOAD ./system/src/stm32f1-stdperiph/stm32f10x_flash.o
LOAD ./system/src/stm32f1-stdperiph/stm32f10x_fsmc.o
LOAD ./system/src/stm32f1-stdperiph/stm32f10x_gpio.o
LOAD ./system/src/stm32f1-stdperiph/stm32f10x_i2c.o
LOAD ./system/src/stm32f1-stdperiph/stm32f10x_iwdg.o
LOAD ./system/src/stm32f1-stdperiph/stm32f10x_pwr.o
LOAD ./system/src/stm32f1-stdperiph/stm32f10x_rcc.o
LOAD ./system/src/stm32f1-stdperiph/stm32f10x_rtc.o
LOAD ./system/src/stm32f1-stdperiph/stm32f10x_sdio.o
LOAD ./system/src/stm32f1-stdperiph/stm32f10x_spi.o
LOAD ./system/src/stm32f1-stdperiph/stm32f10x_tim.o
LOAD ./system/src/stm32f1-stdperiph/stm32f10x_usart.o
LOAD ./system/src/stm32f1-stdperiph/stm32f10x_wwdg.o
LOAD ./system/src/newlib/_cxx.o
LOAD ./system/src/newlib/_exit.o
LOAD ./system/src/newlib/_sbrk.o
LOAD ./system/src/newlib/_startup.o
LOAD ./system/src/newlib/_syscalls.o
LOAD ./system/src/newlib/assert.o
LOAD ./system/src/diag/Trace.o
LOAD ./system/src/diag/trace_impl.o
LOAD ./system/src/cortexm/_initialize_hardware.o
LOAD ./system/src/cortexm/_reset_hardware.o
LOAD ./system/src/cortexm/exception_handlers.o
LOAD ./system/src/cmsis/system_stm32f10x.o
LOAD ./system/src/cmsis/vectors_stm32f10x.o
LOAD ./src/GY521Sensor.o
LOAD ./src/Viewer.o
LOAD ./src/_write.o
LOAD ./src/f10x-pcd8544.o
LOAD ./src/main.o
LOAD /usr/local/gcc-arm-none-eabi-4_9-2015q2/bin/../lib/gcc/arm-none-eabi/4.9.3/../../../../arm-none-eabi/lib/armv7-m/libstdc++_nano.a
LOAD /usr/local/gcc-arm-none-eabi-4_9-2015q2/bin/../lib/gcc/arm-none-eabi/4.9.3/../../../../arm-none-eabi/lib/armv7-m/libm.a
START GROUP
LOAD /usr/local/gcc-arm-none-eabi-4_9-2015q2/bin/../lib/gcc/arm-none-eabi/4.9.3/armv7-m/libgcc.a
LOAD /usr/local/gcc-arm-none-eabi-4_9-2015q2/bin/../lib/gcc/arm-none-eabi/4.9.3/../../../../arm-none-eabi/lib/armv7-m/libg_nano.a
LOAD /usr/local/gcc-arm-none-eabi-4_9-2015q2/bin/../lib/gcc/arm-none-eabi/4.9.3/../../../../arm-none-eabi/lib/armv7-m/libc_nano.a
END GROUP
START GROUP
LOAD /usr/local/gcc-arm-none-eabi-4_9-2015q2/bin/../lib/gcc/arm-none-eabi/4.9.3/armv7-m/libgcc.a
LOAD /usr/local/gcc-arm-none-eabi-4_9-2015q2/bin/../lib/gcc/arm-none-eabi/4.9.3/../../../../arm-none-eabi/lib/armv7-m/libc_nano.a
END GROUP
                0x20010000                __stack = (ORIGIN (RAM) + 0x10000)
                0x20010000                _estack = __stack
                0x00000400                __Main_Stack_Size = 0x400
                0x00000400                PROVIDE (_Main_Stack_Size, __Main_Stack_Size)
                0x2000fc00                __Main_Stack_Limit = (__stack - __Main_Stack_Size)
                0x2000fc00                PROVIDE (_Main_Stack_Limit, __Main_Stack_Limit)
                0x00000100                _Minimum_Stack_Size = 0x100
                0x200002b0                PROVIDE (_Heap_Begin, _end_noinit)
                0x2000fc00                PROVIDE (_Heap_Limit, (__stack - __Main_Stack_Size))

.isr_vector     0x08000000      0x334
                0x08000000                . = ALIGN (0x4)
 *(.isr_vector)
 .isr_vector    0x08000000      0x1e4 ./system/src/cmsis/vectors_stm32f10x.o
                0x08000000                __isr_vectors
 *(.cfmconfig)
 *(.after_vectors .after_vectors.*)
 .after_vectors
                0x080001e4       0xc0 ./system/src/newlib/_startup.o
                0x080001e4                _start
 .after_vectors
                0x080002a4       0x8c ./system/src/cortexm/exception_handlers.o
                0x080002a4                Reset_Handler
                0x080002a8                NMI_Handler
                0x080002aa                HardFault_Handler
                0x080002be                HardFault_Handler_C
                0x080002e8                MemManage_Handler
                0x080002ea                BusFault_Handler
                0x080002fe                BusFault_Handler_C
                0x08000300                UsageFault_Handler
                0x08000314                UsageFault_Handler_C
                0x08000316                SVC_Handler
                0x08000318                DebugMon_Handler
                0x0800031a                PendSV_Handler
                0x0800031c                SysTick_Handler
 .after_vectors
                0x08000330        0x2 ./system/src/cmsis/vectors_stm32f10x.o
                0x08000330                EXTI2_IRQHandler
                0x08000330                TIM8_TRG_COM_IRQHandler
                0x08000330                TIM8_CC_IRQHandler
                0x08000330                TIM1_CC_IRQHandler
                0x08000330                TIM6_IRQHandler
                0x08000330                PVD_IRQHandler
                0x08000330                SDIO_IRQHandler
                0x08000330                CAN2_RX1_IRQHandler
                0x08000330                EXTI3_IRQHandler
                0x08000330                TIM8_TRG_COM_TIM14_IRQHandler
                0x08000330                TIM1_UP_TIM10_IRQHandler
                0x08000330                TIM8_UP_TIM13_IRQHandler
                0x08000330                EXTI0_IRQHandler
                0x08000330                I2C2_EV_IRQHandler
                0x08000330                CAN1_RX0_IRQHandler
                0x08000330                TIM1_UP_TIM16_IRQHandler
                0x08000330                CAN2_SCE_IRQHandler
                0x08000330                ADC1_2_IRQHandler
                0x08000330                SPI1_IRQHandler
                0x08000330                TAMPER_IRQHandler
                0x08000330                TIM6_DAC_IRQHandler
                0x08000330                TIM1_BRK_TIM9_IRQHandler
                0x08000330                CAN2_RX0_IRQHandler
                0x08000330                TIM8_UP_IRQHandler
                0x08000330                DMA2_Channel2_IRQHandler
                0x08000330                DMA1_Channel4_IRQHandler
                0x08000330                USART3_IRQHandler
                0x08000330                RTC_IRQHandler
                0x08000330                DMA1_Channel7_IRQHandler
                0x08000330                CAN1_RX1_IRQHandler
                0x08000330                UART5_IRQHandler
                0x08000330                ADC3_IRQHandler
                0x08000330                TIM4_IRQHandler
                0x08000330                DMA2_Channel1_IRQHandler
                0x08000330                I2C1_EV_IRQHandler
                0x08000330                DMA1_Channel6_IRQHandler
                0x08000330                UART4_IRQHandler
                0x08000330                DMA2_Channel4_IRQHandler
                0x08000330                TIM3_IRQHandler
                0x08000330                RCC_IRQHandler
                0x08000330                TIM8_BRK_TIM12_IRQHandler
                0x08000330                TIM1_TRG_COM_IRQHandler
                0x08000330                DMA1_Channel1_IRQHandler
                0x08000330                Default_Handler
                0x08000330                CEC_IRQHandler
                0x08000330                EXTI15_10_IRQHandler
                0x08000330                TIM14_IRQHandler
                0x08000330                TIM13_IRQHandler
                0x08000330                TIM12_IRQHandler
                0x08000330                TIM7_IRQHandler
                0x08000330                CAN2_TX_IRQHandler
                0x08000330                TIM5_IRQHandler
                0x08000330                EXTI9_5_IRQHandler
                0x08000330                ETH_WKUP_IRQHandler
                0x08000330                SPI2_IRQHandler
                0x08000330                CAN1_TX_IRQHandler
                0x08000330                DMA2_Channel5_IRQHandler
                0x08000330                DMA1_Channel5_IRQHandler
                0x08000330                EXTI4_IRQHandler
                0x08000330                USB_LP_CAN1_RX0_IRQHandler
                0x08000330                TIM1_TRG_COM_TIM17_IRQHandler
                0x08000330                USB_HP_CAN1_TX_IRQHandler
                0x08000330                DMA1_Channel3_IRQHandler
                0x08000330                FSMC_IRQHandler
                0x08000330                ETH_IRQHandler
                0x08000330                TIM1_UP_IRQHandler
                0x08000330                WWDG_IRQHandler
                0x08000330                TIM2_IRQHandler
                0x08000330                OTG_FS_WKUP_IRQHandler
                0x08000330                TIM1_TRG_COM_TIM11_IRQHandler
                0x08000330                TIM1_BRK_IRQHandler
                0x08000330                EXTI1_IRQHandler
                0x08000330                RTCAlarm_IRQHandler
                0x08000330                DMA2_Channel4_5_IRQHandler
                0x08000330                USART2_IRQHandler
                0x08000330                I2C2_ER_IRQHandler
                0x08000330                DMA1_Channel2_IRQHandler
                0x08000330                TIM8_BRK_IRQHandler
                0x08000330                CAN1_SCE_IRQHandler
                0x08000330                FLASH_IRQHandler
                0x08000330                USART1_IRQHandler
                0x08000330                OTG_FS_IRQHandler
                0x08000330                SPI3_IRQHandler
                0x08000330                I2C1_ER_IRQHandler
                0x08000330                USBWakeUp_IRQHandler
                0x08000330                DMA2_Channel3_IRQHandler
                0x08000330                TIM1_BRK_TIM15_IRQHandler
                0x08000334                . = ALIGN (0x4)
 *fill*         0x08000332        0x2 

.inits          0x08000334        0x8
                0x08000334                . = ALIGN (0x4)
 *(.init)
 *(.fini)
                0x08000334                . = ALIGN (0x4)
                0x08000334                PROVIDE (__preinit_array_start, .)
 *(.preinit_array_sysinit .preinit_array_sysinit.*)
 *(.preinit_array_platform .preinit_array_platform.*)
 *(.preinit_array .preinit_array.*)
                0x08000334                PROVIDE (__preinit_array_end, .)
                0x08000334                . = ALIGN (0x4)
                0x08000334                PROVIDE (__init_array_start, .)
 *(SORT(.init_array.*))
 *(.init_array)
 .init_array    0x08000334        0x4 ./src/main.o
                0x08000338                PROVIDE (__init_array_end, .)
                0x08000338                . = ALIGN (0x4)
                0x08000338                PROVIDE (__fini_array_start, .)
 *(SORT(.fini_array.*))
 *(.fini_array)
 .fini_array    0x08000338        0x4 ./src/main.o
                0x0800033c                PROVIDE (__fini_array_end, .)
                0x0800033c                . = ALIGN (0x4)

.flashtext      0x0800033c        0x0
                0x0800033c                . = ALIGN (0x4)
 *(.flashtext .flashtext.*)
                0x0800033c                . = ALIGN (0x4)

.text           0x08000340     0x221e
                0x08000340                . = ALIGN (0x4)
 *(.text .text.*)
 .text.GPIO_Init
                0x08000340       0x9c ./system/src/stm32f1-stdperiph/stm32f10x_gpio.o
                0x08000340                GPIO_Init
 .text.GPIO_SetBits
                0x080003dc        0x4 ./system/src/stm32f1-stdperiph/stm32f10x_gpio.o
                0x080003dc                GPIO_SetBits
 .text.GPIO_ResetBits
                0x080003e0        0x4 ./system/src/stm32f1-stdperiph/stm32f10x_gpio.o
                0x080003e0                GPIO_ResetBits
 .text.I2C_Init
                0x080003e4       0xd4 ./system/src/stm32f1-stdperiph/stm32f10x_i2c.o
                0x080003e4                I2C_Init
 .text.I2C_Cmd  0x080004b8       0x18 ./system/src/stm32f1-stdperiph/stm32f10x_i2c.o
                0x080004b8                I2C_Cmd
 .text.I2C_GenerateSTART
                0x080004d0       0x18 ./system/src/stm32f1-stdperiph/stm32f10x_i2c.o
                0x080004d0                I2C_GenerateSTART
 .text.I2C_GenerateSTOP
                0x080004e8       0x18 ./system/src/stm32f1-stdperiph/stm32f10x_i2c.o
                0x080004e8                I2C_GenerateSTOP
 .text.I2C_AcknowledgeConfig
                0x08000500       0x18 ./system/src/stm32f1-stdperiph/stm32f10x_i2c.o
                0x08000500                I2C_AcknowledgeConfig
 .text.I2C_SendData
                0x08000518        0x4 ./system/src/stm32f1-stdperiph/stm32f10x_i2c.o
                0x08000518                I2C_SendData
 .text.I2C_ReceiveData
                0x0800051c        0x6 ./system/src/stm32f1-stdperiph/stm32f10x_i2c.o
                0x0800051c                I2C_ReceiveData
 .text.I2C_Send7bitAddress
                0x08000522       0x12 ./system/src/stm32f1-stdperiph/stm32f10x_i2c.o
                0x08000522                I2C_Send7bitAddress
 .text.I2C_NACKPositionConfig
                0x08000534       0x1c ./system/src/stm32f1-stdperiph/stm32f10x_i2c.o
                0x08000534                I2C_NACKPositionConfig
 .text.I2C_CheckEvent
                0x08000550       0x1c ./system/src/stm32f1-stdperiph/stm32f10x_i2c.o
                0x08000550                I2C_CheckEvent
 .text.I2C_GetFlagStatus
                0x0800056c       0x34 ./system/src/stm32f1-stdperiph/stm32f10x_i2c.o
                0x0800056c                I2C_GetFlagStatus
 .text.RCC_GetClocksFreq
                0x080005a0       0x88 ./system/src/stm32f1-stdperiph/stm32f10x_rcc.o
                0x080005a0                RCC_GetClocksFreq
 .text.RCC_APB2PeriphClockCmd
                0x08000628       0x18 ./system/src/stm32f1-stdperiph/stm32f10x_rcc.o
                0x08000628                RCC_APB2PeriphClockCmd
 .text.RCC_APB1PeriphClockCmd
                0x08000640       0x18 ./system/src/stm32f1-stdperiph/stm32f10x_rcc.o
                0x08000640                RCC_APB1PeriphClockCmd
 .text.RCC_APB1PeriphResetCmd
                0x08000658       0x18 ./system/src/stm32f1-stdperiph/stm32f10x_rcc.o
                0x08000658                RCC_APB1PeriphResetCmd
 .text._exit    0x08000670        0x6 ./system/src/newlib/_exit.o
                0x08000670                _exit
 *fill*         0x08000676        0x2 
 .text._sbrk    0x08000678       0x40 ./system/src/newlib/_sbrk.o
                0x08000678                _sbrk
 .text.__initialize_args
                0x080006b8       0x10 ./system/src/newlib/_syscalls.o
                0x080006b8                __initialize_args
 .text.__initialize_hardware_early
                0x080006c8        0x4 ./system/src/cortexm/_initialize_hardware.o
                0x080006c8                __initialize_hardware_early
 .text.__initialize_hardware
                0x080006cc        0x4 ./system/src/cortexm/_initialize_hardware.o
                0x080006cc                __initialize_hardware
 .text.__reset_hardware
                0x080006d0       0x20 ./system/src/cortexm/_reset_hardware.o
                0x080006d0                __reset_hardware
 .text.isSemihosting
                0x080006f0       0x1c ./system/src/cortexm/exception_handlers.o
                0x080006f0                isSemihosting
 .text.SystemInit
                0x0800070c       0xf4 ./system/src/cmsis/system_stm32f10x.o
                0x0800070c                SystemInit
 .text.SystemCoreClockUpdate
                0x08000800       0x5c ./system/src/cmsis/system_stm32f10x.o
                0x08000800                SystemCoreClockUpdate
 .text._ZN11GY521SensorD2Ev
                0x0800085c        0x2 ./src/GY521Sensor.o
                0x0800085c                GY521Sensor::~GY521Sensor()
                0x0800085c                GY521Sensor::~GY521Sensor()
 .text._ZN11GY521SensorD0Ev
                0x0800085e        0xc ./src/GY521Sensor.o
                0x0800085e                GY521Sensor::~GY521Sensor()
 *fill*         0x0800086a        0x2 
 .text._ZN11GY521SensorC2EP11I2C_TypeDef
                0x0800086c       0x20 ./src/GY521Sensor.o
                0x0800086c                GY521Sensor::GY521Sensor(I2C_TypeDef*)
                0x0800086c                GY521Sensor::GY521Sensor(I2C_TypeDef*)
 .text._ZN11GY521Sensor11TemperatureEv
                0x0800088c        0x4 ./src/GY521Sensor.o
                0x0800088c                GY521Sensor::Temperature()
 .text._ZN11GY521Sensor12LowLevelInitEv
                0x08000890       0x94 ./src/GY521Sensor.o
                0x08000890                GY521Sensor::LowLevelInit()
 .text._ZN11GY521Sensor12ReadRegisterEh
                0x08000924       0xe8 ./src/GY521Sensor.o
                0x08000924                GY521Sensor::ReadRegister(unsigned char)
 .text._ZN11GY521Sensor12ReadRegisterEhRt
                0x08000a0c      0x108 ./src/GY521Sensor.o
                0x08000a0c                GY521Sensor::ReadRegister(unsigned char, unsigned short&)
 .text._ZN11GY521Sensor13WriteRegisterEhPhm
                0x08000b14       0xa0 ./src/GY521Sensor.o
                0x08000b14                GY521Sensor::WriteRegister(unsigned char, unsigned char*, unsigned long)
 .text._ZN11GY521Sensor4InitEv
                0x08000bb4       0xa0 ./src/GY521Sensor.o
                0x08000bb4                GY521Sensor::Init()
 *fill*         0x08000c54        0x4 
 .text._ZN11GY521Sensor15ReadTemperatureEv
                0x08000c58       0x3c ./src/GY521Sensor.o
                0x08000c58                GY521Sensor::ReadTemperature()
 .text._ZN11GY521Sensor9ReadGypoXEv
                0x08000c94       0x14 ./src/GY521Sensor.o
                0x08000c94                GY521Sensor::ReadGypoX()
 .text._ZN11GY521Sensor9ReadGypoYEv
                0x08000ca8       0x14 ./src/GY521Sensor.o
                0x08000ca8                GY521Sensor::ReadGypoY()
 .text._ZN11GY521Sensor9ReadGypoZEv
                0x08000cbc       0x14 ./src/GY521Sensor.o
                0x08000cbc                GY521Sensor::ReadGypoZ()
 .text._ZN11GY521Sensor10ReadAccelXEv
                0x08000cd0       0x14 ./src/GY521Sensor.o
                0x08000cd0                GY521Sensor::ReadAccelX()
 .text._ZN11GY521Sensor10ReadAccelYEv
                0x08000ce4       0x14 ./src/GY521Sensor.o
                0x08000ce4                GY521Sensor::ReadAccelY()
 .text._ZN11GY521Sensor10ReadAccelZEv
                0x08000cf8       0x14 ./src/GY521Sensor.o
                0x08000cf8                GY521Sensor::ReadAccelZ()
 .text._ZN11GY521Sensor8ReadDataEv
                0x08000d0c       0x30 ./src/GY521Sensor.o
                0x08000d0c                GY521Sensor::ReadData()
 .text._ZN6ViewerD2Ev
                0x08000d3c        0x2 ./src/Viewer.o
                0x08000d3c                Viewer::~Viewer()
                0x08000d3c                Viewer::~Viewer()
 .text._ZN6ViewerD0Ev
                0x08000d3e        0xc ./src/Viewer.o
                0x08000d3e                Viewer::~Viewer()
 *fill*         0x08000d4a        0x2 
 .text._ZN6ViewerC2Ev
                0x08000d4c        0xc ./src/Viewer.o
                0x08000d4c                Viewer::Viewer()
                0x08000d4c                Viewer::Viewer()
 .text._ZN6Viewer4InitEv
                0x08000d58       0x50 ./src/Viewer.o
                0x08000d58                Viewer::Init()
 .text._ZN6Viewer7SetDataEffff
                0x08000da8       0xa0 ./src/Viewer.o
                0x08000da8                Viewer::SetData(float, float, float, float)
 .text._Z12lcd_senddatah
                0x08000e48       0x3c ./src/f10x-pcd8544.o
                0x08000e48                lcd_senddata(unsigned char)
 .text._Z11lcd_refreshv
                0x08000e84       0x4c ./src/f10x-pcd8544.o
                0x08000e84                lcd_refresh()
 .text._Z8lcd_initv
                0x08000ed0       0x88 ./src/f10x-pcd8544.o
                0x08000ed0                lcd_init()
 .text._Z10lcd_putpixhhh
                0x08000f58       0x34 ./src/f10x-pcd8544.o
                0x08000f58                lcd_putpix(unsigned char, unsigned char, unsigned char)
 .text._Z8lcd_linehhhhh
                0x08000f8c       0xd4 ./src/f10x-pcd8544.o
                0x08000f8c                lcd_line(unsigned char, unsigned char, unsigned char, unsigned char, unsigned char)
 .text._Z11lcd_putcharhhhh
                0x08001060       0xd4 ./src/f10x-pcd8544.o
                0x08001060                lcd_putchar(unsigned char, unsigned char, unsigned char, unsigned char)
 .text._Z14lcd_leftchlinehh
                0x08001134       0x20 ./src/f10x-pcd8544.o
                0x08001134                lcd_leftchline(unsigned char, unsigned char)
 .text._Z10lcd_putstrhhPhh
                0x08001154       0x2a ./src/f10x-pcd8544.o
                0x08001154                lcd_putstr(unsigned char, unsigned char, unsigned char*, unsigned char)
 *fill*         0x0800117e        0x2 
 .text.startup._GLOBAL__sub_I_view
                0x08001180        0xc ./src/main.o
 .text.startup.main
                0x0800118c       0x4c ./src/main.o
                0x0800118c                main
 .text.exit._GLOBAL__sub_D_view
                0x080011d8        0xc ./src/main.o
 .text._ZdlPv   0x080011e4        0x4 /usr/local/gcc-arm-none-eabi-4_9-2015q2/bin/../lib/gcc/arm-none-eabi/4.9.3/../../../../arm-none-eabi/lib/armv7-m/libstdc++_nano.a(del_op.o)
                0x080011e4                operator delete(void*)
 .text          0x080011e8      0x370 /usr/local/gcc-arm-none-eabi-4_9-2015q2/bin/../lib/gcc/arm-none-eabi/4.9.3/armv7-m/libgcc.a(_arm_addsubdf3.o)
                0x080011e8                __aeabi_drsub
                0x080011f0                __aeabi_dsub
                0x080011f0                __subdf3
                0x080011f4                __adddf3
                0x080011f4                __aeabi_dadd
                0x0800146c                __aeabi_ui2d
                0x0800146c                __floatunsidf
                0x0800148c                __floatsidf
                0x0800148c                __aeabi_i2d
                0x080014b0                __extendsfdf2
                0x080014b0                __aeabi_f2d
                0x080014ec                __aeabi_ul2d
                0x080014ec                __floatundidf
                0x080014fc                __floatdidf
                0x080014fc                __aeabi_l2d
 .text          0x08001558      0x424 /usr/local/gcc-arm-none-eabi-4_9-2015q2/bin/../lib/gcc/arm-none-eabi/4.9.3/armv7-m/libgcc.a(_arm_muldivdf3.o)
                0x08001558                __aeabi_dmul
                0x08001558                __muldf3
                0x080017ac                __aeabi_ddiv
                0x080017ac                __divdf3
 .text          0x0800197c       0xa0 /usr/local/gcc-arm-none-eabi-4_9-2015q2/bin/../lib/gcc/arm-none-eabi/4.9.3/armv7-m/libgcc.a(_arm_truncdfsf2.o)
                0x0800197c                __aeabi_d2f
                0x0800197c                __truncdfsf2
 .text.__errno  0x08001a1c        0xc /usr/local/gcc-arm-none-eabi-4_9-2015q2/bin/../lib/gcc/arm-none-eabi/4.9.3/../../../../arm-none-eabi/lib/armv7-m/libg_nano.a(lib_a-errno.o)
                0x08001a1c                __errno
 .text.free     0x08001a28       0x10 /usr/local/gcc-arm-none-eabi-4_9-2015q2/bin/../lib/gcc/arm-none-eabi/4.9.3/../../../../arm-none-eabi/lib/armv7-m/libg_nano.a(lib_a-malloc.o)
                0x08001a28                free
 .text.memset   0x08001a38       0x10 /usr/local/gcc-arm-none-eabi-4_9-2015q2/bin/../lib/gcc/arm-none-eabi/4.9.3/../../../../arm-none-eabi/lib/armv7-m/libg_nano.a(lib_a-memset.o)
                0x08001a38                memset
 .text._free_r  0x08001a48       0x88 /usr/local/gcc-arm-none-eabi-4_9-2015q2/bin/../lib/gcc/arm-none-eabi/4.9.3/../../../../arm-none-eabi/lib/armv7-m/libg_nano.a(lib_a-nano-freer.o)
                0x08001a48                _free_r
 .text._malloc_r
                0x08001ad0       0xac /usr/local/gcc-arm-none-eabi-4_9-2015q2/bin/../lib/gcc/arm-none-eabi/4.9.3/../../../../arm-none-eabi/lib/armv7-m/libg_nano.a(lib_a-nano-mallocr.o)
                0x08001ad0                _malloc_r
 .text._sbrk_r  0x08001b7c       0x20 /usr/local/gcc-arm-none-eabi-4_9-2015q2/bin/../lib/gcc/arm-none-eabi/4.9.3/../../../../arm-none-eabi/lib/armv7-m/libg_nano.a(lib_a-sbrkr.o)
                0x08001b7c                _sbrk_r
 .text.snprintf
                0x08001b9c       0x64 /usr/local/gcc-arm-none-eabi-4_9-2015q2/bin/../lib/gcc/arm-none-eabi/4.9.3/../../../../arm-none-eabi/lib/armv7-m/libg_nano.a(lib_a-snprintf.o)
                0x08001b9c                snprintf
                0x08001b9c                sniprintf
 .text.__ssputs_r
                0x08001c00       0xb2 /usr/local/gcc-arm-none-eabi-4_9-2015q2/bin/../lib/gcc/arm-none-eabi/4.9.3/../../../../arm-none-eabi/lib/armv7-m/libg_nano.a(lib_a-nano-svfprintf.o)
                0x08001c00                __ssputs_r
 *fill*         0x08001cb2        0x2 
 .text._svfprintf_r
                0x08001cb4      0x1e4 /usr/local/gcc-arm-none-eabi-4_9-2015q2/bin/../lib/gcc/arm-none-eabi/4.9.3/../../../../arm-none-eabi/lib/armv7-m/libg_nano.a(lib_a-nano-svfprintf.o)
                0x08001cb4                _svfprintf_r
                0x08001cb4                _svfiprintf_r
 .text._printf_common
                0x08001e98       0xea /usr/local/gcc-arm-none-eabi-4_9-2015q2/bin/../lib/gcc/arm-none-eabi/4.9.3/../../../../arm-none-eabi/lib/armv7-m/libg_nano.a(lib_a-nano-vfprintf_i.o)
                0x08001e98                _printf_common
 *fill*         0x08001f82        0x2 
 .text._printf_i
                0x08001f84      0x240 /usr/local/gcc-arm-none-eabi-4_9-2015q2/bin/../lib/gcc/arm-none-eabi/4.9.3/../../../../arm-none-eabi/lib/armv7-m/libg_nano.a(lib_a-nano-vfprintf_i.o)
                0x08001f84                _printf_i
 .text.memchr   0x080021c4       0x1c /usr/local/gcc-arm-none-eabi-4_9-2015q2/bin/../lib/gcc/arm-none-eabi/4.9.3/../../../../arm-none-eabi/lib/armv7-m/libg_nano.a(lib_a-memchr.o)
                0x080021c4                memchr
 .text.memcpy   0x080021e0       0x16 /usr/local/gcc-arm-none-eabi-4_9-2015q2/bin/../lib/gcc/arm-none-eabi/4.9.3/../../../../arm-none-eabi/lib/armv7-m/libg_nano.a(lib_a-memcpy.o)
                0x080021e0                memcpy
 .text.memmove  0x080021f6       0x36 /usr/local/gcc-arm-none-eabi-4_9-2015q2/bin/../lib/gcc/arm-none-eabi/4.9.3/../../../../arm-none-eabi/lib/armv7-m/libg_nano.a(lib_a-memmove.o)
                0x080021f6                memmove
 .text._realloc_r
                0x0800222c       0x4c /usr/local/gcc-arm-none-eabi-4_9-2015q2/bin/../lib/gcc/arm-none-eabi/4.9.3/../../../../arm-none-eabi/lib/armv7-m/libg_nano.a(lib_a-nano-reallocr.o)
                0x0800222c                _realloc_r
 .text._malloc_usable_size_r
                0x08002278       0x14 /usr/local/gcc-arm-none-eabi-4_9-2015q2/bin/../lib/gcc/arm-none-eabi/4.9.3/../../../../arm-none-eabi/lib/armv7-m/libg_nano.a(lib_a-nano-msizer.o)
                0x08002278                _malloc_usable_size_r
 *(.rodata .rodata.*)
 *fill*         0x0800228c        0x4 
 .rodata._ZTV11GY521Sensor
                0x08002290       0x10 ./src/GY521Sensor.o
                0x08002290                vtable for GY521Sensor
 .rodata._ZTV6Viewer
                0x080022a0       0x10 ./src/Viewer.o
                0x080022a0                vtable for Viewer
 .rodata.str1.1
                0x080022b0       0x33 ./src/Viewer.o
 .rodata._ZL10NewFontLAT
                0x080022e3      0x186 ./src/f10x-pcd8544.o
 .rodata._ZL10NewFontRUS
                0x08002469       0xc0 ./src/f10x-pcd8544.o
 .rodata.str1.1
                0x08002529        0x2 /usr/local/gcc-arm-none-eabi-4_9-2015q2/bin/../lib/gcc/arm-none-eabi/4.9.3/../../../../arm-none-eabi/lib/armv7-m/libg_nano.a(lib_a-impure.o)
 .rodata.str1.1
                0x0800252b       0x11 /usr/local/gcc-arm-none-eabi-4_9-2015q2/bin/../lib/gcc/arm-none-eabi/4.9.3/../../../../arm-none-eabi/lib/armv7-m/libg_nano.a(lib_a-nano-svfprintf.o)
 .rodata.str1.1
                0x0800253c       0x22 /usr/local/gcc-arm-none-eabi-4_9-2015q2/bin/../lib/gcc/arm-none-eabi/4.9.3/../../../../arm-none-eabi/lib/armv7-m/libg_nano.a(lib_a-nano-vfprintf_i.o)
 *(vtable)
 *(.eh_frame*)
 *(.glue_7)
 .glue_7        0x00000000        0x0 linker stubs
 *(.glue_7t)
 .glue_7t       0x00000000        0x0 linker stubs

.vfp11_veneer   0x08002560        0x0
 .vfp11_veneer  0x00000000        0x0 linker stubs

.v4_bx          0x08002560        0x0
 .v4_bx         0x00000000        0x0 linker stubs

.iplt           0x08002560        0x0
 .iplt          0x00000000        0x0 ./system/src/stm32f1-stdperiph/misc.o

.rel.dyn        0x08002560        0x0
 .rel.iplt      0x00000000        0x0 ./system/src/stm32f1-stdperiph/misc.o

.ARM.extab
 *(.ARM.extab* .gnu.linkonce.armextab.*)
                0x08002560                __exidx_start = .

.ARM.exidx
 *(.ARM.exidx* .gnu.linkonce.armexidx.*)
                0x08002560                __exidx_end = .
                0x08002560                . = ALIGN (0x4)
                0x08002560                _etext = .
                0x08002560                __etext = .
                0x08002560                _sidata = _etext

.data           0x20000000       0x94 load address 0x08002560
                0x20000000                . = ALIGN (0x4)
                0x20000000                _sdata = .
                0x20000000                __data_start__ = .
 *(.data_begin .data_begin.*)
 *(.data .data.*)
 .data.ADCPrescTable
                0x20000000        0x4 ./system/src/stm32f1-stdperiph/stm32f10x_rcc.o
 .data.APBAHBPrescTable
                0x20000004       0x10 ./system/src/stm32f1-stdperiph/stm32f10x_rcc.o
 .data.argv.4157
                0x20000014        0x8 ./system/src/newlib/_syscalls.o
 .data.AHBPrescTable
                0x2000001c       0x10 ./system/src/cmsis/system_stm32f10x.o
                0x2000001c                AHBPrescTable
 .data.SystemCoreClock
                0x2000002c        0x4 ./system/src/cmsis/system_stm32f10x.o
                0x2000002c                SystemCoreClock
 .data.impure_data
                0x20000030       0x60 /usr/local/gcc-arm-none-eabi-4_9-2015q2/bin/../lib/gcc/arm-none-eabi/4.9.3/../../../../arm-none-eabi/lib/armv7-m/libg_nano.a(lib_a-impure.o)
 .data._impure_ptr
                0x20000090        0x4 /usr/local/gcc-arm-none-eabi-4_9-2015q2/bin/../lib/gcc/arm-none-eabi/4.9.3/../../../../arm-none-eabi/lib/armv7-m/libg_nano.a(lib_a-impure.o)
                0x20000090                _impure_ptr
 *(.data_end .data_end.*)
                0x20000094                . = ALIGN (0x4)
                0x20000094                _edata = .
                0x20000094                __data_end__ = .

.igot.plt       0x20000094        0x0 load address 0x080025f4
 .igot.plt      0x00000000        0x0 ./system/src/stm32f1-stdperiph/misc.o

.bss            0x20000094      0x21c load address 0x080025f4
                0x20000094                . = ALIGN (0x4)
                0x20000094                __bss_start__ = .
                0x20000094                _sbss = .
 *(.bss_begin .bss_begin.*)
 *(.bss .bss.*)
 .bss.current_heap_end.3862
                0x20000094        0x4 ./system/src/newlib/_sbrk.o
 .bss.name.4156
                0x20000098        0x1 ./system/src/newlib/_syscalls.o
 .bss.lcd_buff  0x20000099      0x1f8 ./src/f10x-pcd8544.o
                0x20000099                lcd_buff
 *fill*         0x20000291        0x3 
 .bss.view      0x20000294       0x10 ./src/main.o
                0x20000294                view
 .bss.__malloc_sbrk_start
                0x200002a4        0x4 /usr/local/gcc-arm-none-eabi-4_9-2015q2/bin/../lib/gcc/arm-none-eabi/4.9.3/../../../../arm-none-eabi/lib/armv7-m/libg_nano.a(lib_a-nano-mallocr.o)
                0x200002a4                __malloc_sbrk_start
 .bss.__malloc_free_list
                0x200002a8        0x4 /usr/local/gcc-arm-none-eabi-4_9-2015q2/bin/../lib/gcc/arm-none-eabi/4.9.3/../../../../arm-none-eabi/lib/armv7-m/libg_nano.a(lib_a-nano-mallocr.o)
                0x200002a8                __malloc_free_list
 *(COMMON)
 COMMON         0x200002ac        0x4 ./system/src/newlib/_syscalls.o
                0x200002ac                errno
 *(.bss_end .bss_end.*)
                0x200002b0                . = ALIGN (0x4)
                0x200002b0                __bss_end__ = .
                0x200002b0                _ebss = .

.noinit         0x200002b0        0x0
                0x200002b0                . = ALIGN (0x4)
                0x200002b0                _noinit = .
 *(.noinit .noinit.*)
                0x200002b0                . = ALIGN (0x4)
                0x200002b0                _end_noinit = .
                0x200002b0                PROVIDE (end, _end_noinit)
                0x200002b0                PROVIDE (_end, _end_noinit)
                0x200002b0                PROVIDE (__end, _end_noinit)
                0x200002b0                PROVIDE (__end__, _end_noinit)

._check_stack   0x200002b0      0x100 load address 0x08002810
                0x200002b0                . = ALIGN (0x4)
                0x200003b0                . = (. + _Minimum_Stack_Size)
 *fill*         0x200002b0      0x100 
                0x200003b0                . = ALIGN (0x4)

.bss_CCMRAM
 *(.bss.CCMRAM .bss.CCMRAM.*)

.b1text
 *(.b1text)
 *(.b1rodata)
 *(.b1rodata.*)

.eb0text
 *(.eb0text)
 *(.eb0rodata)
 *(.eb0rodata.*)

.eb1text
 *(.eb1text)
 *(.eb1rodata)
 *(.eb1rodata.*)

.eb2text
 *(.eb2text)
 *(.eb2rodata)
 *(.eb2rodata.*)

.eb3text
 *(.eb3text)
 *(.eb3rodata)
 *(.eb3rodata.*)

.stab
 *(.stab)

.stabstr
 *(.stabstr)

.stab.excl
 *(.stab.excl)

.stab.exclstr
 *(.stab.exclstr)

.stab.index
 *(.stab.index)

.stab.indexstr
 *(.stab.indexstr)

.comment        0x00000000       0x70
 *(.comment)
 .comment       0x00000000       0x70 ./system/src/stm32f1-stdperiph/stm32f10x_gpio.o
                                 0x71 (size before relaxing)
 .comment       0x00000000       0x71 ./system/src/stm32f1-stdperiph/stm32f10x_i2c.o
 .comment       0x00000000       0x71 ./system/src/stm32f1-stdperiph/stm32f10x_rcc.o
 .comment       0x00000000       0x71 ./system/src/newlib/_exit.o
 .comment       0x00000000       0x71 ./system/src/newlib/_sbrk.o
 .comment       0x00000000       0x71 ./system/src/newlib/_startup.o
 .comment       0x00000000       0x71 ./system/src/newlib/_syscalls.o
 .comment       0x00000000       0x71 ./system/src/cortexm/_initialize_hardware.o
 .comment       0x00000000       0x71 ./system/src/cortexm/_reset_hardware.o
 .comment       0x00000000       0x71 ./system/src/cortexm/exception_handlers.o
 .comment       0x00000000       0x71 ./system/src/cmsis/system_stm32f10x.o
 .comment       0x00000000       0x71 ./system/src/cmsis/vectors_stm32f10x.o
 .comment       0x00000000       0x71 ./src/GY521Sensor.o
 .comment       0x00000000       0x71 ./src/Viewer.o
 .comment       0x00000000       0x71 ./src/f10x-pcd8544.o
 .comment       0x00000000       0x71 ./src/main.o

.ARM.attributes
                0x00000000       0x33
 .ARM.attributes
                0x00000000       0x33 ./system/src/stm32f1-stdperiph/stm32f10x_gpio.o
 .ARM.attributes
                0x00000033       0x33 ./system/src/stm32f1-stdperiph/stm32f10x_i2c.o
 .ARM.attributes
                0x00000066       0x33 ./system/src/stm32f1-stdperiph/stm32f10x_rcc.o
 .ARM.attributes
                0x00000099       0x33 ./system/src/newlib/_exit.o
 .ARM.attributes
                0x000000cc       0x33 ./system/src/newlib/_sbrk.o
 .ARM.attributes
                0x000000ff       0x33 ./system/src/newlib/_startup.o
 .ARM.attributes
                0x00000132       0x33 ./system/src/newlib/_syscalls.o
 .ARM.attributes
                0x00000165       0x33 ./system/src/cortexm/_initialize_hardware.o
 .ARM.attributes
                0x00000198       0x33 ./system/src/cortexm/_reset_hardware.o
 .ARM.attributes
                0x000001cb       0x33 ./system/src/cortexm/exception_handlers.o
 .ARM.attributes
                0x000001fe       0x33 ./system/src/cmsis/system_stm32f10x.o
 .ARM.attributes
                0x00000231       0x33 ./system/src/cmsis/vectors_stm32f10x.o
 .ARM.attributes
                0x00000264       0x33 ./src/GY521Sensor.o
 .ARM.attributes
                0x00000297       0x33 ./src/Viewer.o
 .ARM.attributes
                0x000002ca       0x33 ./src/f10x-pcd8544.o
 .ARM.attributes
                0x000002fd       0x33 ./src/main.o
 .ARM.attributes
                0x00000330       0x2d /usr/local/gcc-arm-none-eabi-4_9-2015q2/bin/../lib/gcc/arm-none-eabi/4.9.3/../../../../arm-none-eabi/lib/armv7-m/libstdc++_nano.a(del_op.o)
 .ARM.attributes
                0x0000035d       0x1d /usr/local/gcc-arm-none-eabi-4_9-2015q2/bin/../lib/gcc/arm-none-eabi/4.9.3/armv7-m/libgcc.a(_arm_addsubdf3.o)
 .ARM.attributes
                0x0000037a       0x1d /usr/local/gcc-arm-none-eabi-4_9-2015q2/bin/../lib/gcc/arm-none-eabi/4.9.3/armv7-m/libgcc.a(_arm_muldivdf3.o)
 .ARM.attributes
                0x00000397       0x1d /usr/local/gcc-arm-none-eabi-4_9-2015q2/bin/../lib/gcc/arm-none-eabi/4.9.3/armv7-m/libgcc.a(_arm_truncdfsf2.o)
 .ARM.attributes
                0x000003b4       0x2d /usr/local/gcc-arm-none-eabi-4_9-2015q2/bin/../lib/gcc/arm-none-eabi/4.9.3/../../../../arm-none-eabi/lib/armv7-m/libg_nano.a(lib_a-errno.o)
 .ARM.attributes
                0x000003e1       0x2d /usr/local/gcc-arm-none-eabi-4_9-2015q2/bin/../lib/gcc/arm-none-eabi/4.9.3/../../../../arm-none-eabi/lib/armv7-m/libg_nano.a(lib_a-impure.o)
 .ARM.attributes
                0x0000040e       0x2d /usr/local/gcc-arm-none-eabi-4_9-2015q2/bin/../lib/gcc/arm-none-eabi/4.9.3/../../../../arm-none-eabi/lib/armv7-m/libg_nano.a(lib_a-malloc.o)
 .ARM.attributes
                0x0000043b       0x2d /usr/local/gcc-arm-none-eabi-4_9-2015q2/bin/../lib/gcc/arm-none-eabi/4.9.3/../../../../arm-none-eabi/lib/armv7-m/libg_nano.a(lib_a-memset.o)
 .ARM.attributes
                0x00000468       0x2d /usr/local/gcc-arm-none-eabi-4_9-2015q2/bin/../lib/gcc/arm-none-eabi/4.9.3/../../../../arm-none-eabi/lib/armv7-m/libg_nano.a(lib_a-nano-freer.o)
 .ARM.attributes
                0x00000495       0x2d /usr/local/gcc-arm-none-eabi-4_9-2015q2/bin/../lib/gcc/arm-none-eabi/4.9.3/../../../../arm-none-eabi/lib/armv7-m/libg_nano.a(lib_a-nano-mallocr.o)
 .ARM.attributes
                0x000004c2       0x2d /usr/local/gcc-arm-none-eabi-4_9-2015q2/bin/../lib/gcc/arm-none-eabi/4.9.3/../../../../arm-none-eabi/lib/armv7-m/libg_nano.a(lib_a-sbrkr.o)
 .ARM.attributes
                0x000004ef       0x2d /usr/local/gcc-arm-none-eabi-4_9-2015q2/bin/../lib/gcc/arm-none-eabi/4.9.3/../../../../arm-none-eabi/lib/armv7-m/libg_nano.a(lib_a-snprintf.o)
 .ARM.attributes
                0x0000051c       0x2d /usr/local/gcc-arm-none-eabi-4_9-2015q2/bin/../lib/gcc/arm-none-eabi/4.9.3/../../../../arm-none-eabi/lib/armv7-m/libg_nano.a(lib_a-nano-svfprintf.o)
 .ARM.attributes
                0x00000549       0x2d /usr/local/gcc-arm-none-eabi-4_9-2015q2/bin/../lib/gcc/arm-none-eabi/4.9.3/../../../../arm-none-eabi/lib/armv7-m/libg_nano.a(lib_a-nano-vfprintf_i.o)
 .ARM.attributes
                0x00000576       0x2d /usr/local/gcc-arm-none-eabi-4_9-2015q2/bin/../lib/gcc/arm-none-eabi/4.9.3/../../../../arm-none-eabi/lib/armv7-m/libg_nano.a(lib_a-memchr.o)
 .ARM.attributes
                0x000005a3       0x2d /usr/local/gcc-arm-none-eabi-4_9-2015q2/bin/../lib/gcc/arm-none-eabi/4.9.3/../../../../arm-none-eabi/lib/armv7-m/libg_nano.a(lib_a-memcpy.o)
 .ARM.attributes
                0x000005d0       0x2d /usr/local/gcc-arm-none-eabi-4_9-2015q2/bin/../lib/gcc/arm-none-eabi/4.9.3/../../../../arm-none-eabi/lib/armv7-m/libg_nano.a(lib_a-memmove.o)
 .ARM.attributes
                0x000005fd       0x2d /usr/local/gcc-arm-none-eabi-4_9-2015q2/bin/../lib/gcc/arm-none-eabi/4.9.3/../../../../arm-none-eabi/lib/armv7-m/libg_nano.a(lib_a-nano-reallocr.o)
 .ARM.attributes
                0x0000062a       0x2d /usr/local/gcc-arm-none-eabi-4_9-2015q2/bin/../lib/gcc/arm-none-eabi/4.9.3/../../../../arm-none-eabi/lib/armv7-m/libg_nano.a(lib_a-nano-msizer.o)

.debug
 *(.debug)

.line
 *(.line)

.debug_srcinfo
 *(.debug_srcinfo)

.debug_sfnames
 *(.debug_sfnames)

.debug_aranges  0x00000000      0x648
 *(.debug_aranges)
 .debug_aranges
                0x00000000       0xa8 ./system/src/stm32f1-stdperiph/stm32f10x_gpio.o
 .debug_aranges
                0x000000a8      0x120 ./system/src/stm32f1-stdperiph/stm32f10x_i2c.o
 .debug_aranges
                0x000001c8      0x118 ./system/src/stm32f1-stdperiph/stm32f10x_rcc.o
 .debug_aranges
                0x000002e0       0x28 ./system/src/newlib/_exit.o
 .debug_aranges
                0x00000308       0x20 ./system/src/newlib/_sbrk.o
 .debug_aranges
                0x00000328       0x40 ./system/src/newlib/_startup.o
 .debug_aranges
                0x00000368       0x30 ./system/src/newlib/_syscalls.o
 .debug_aranges
                0x00000398       0x28 ./system/src/cortexm/_initialize_hardware.o
 .debug_aranges
                0x000003c0       0x20 ./system/src/cortexm/_reset_hardware.o
 .debug_aranges
                0x000003e0       0x88 ./system/src/cortexm/exception_handlers.o
 .debug_aranges
                0x00000468       0x28 ./system/src/cmsis/system_stm32f10x.o
 .debug_aranges
                0x00000490       0x20 ./system/src/cmsis/vectors_stm32f10x.o
 .debug_aranges
                0x000004b0       0xa0 ./src/GY521Sensor.o
 .debug_aranges
                0x00000550       0x60 ./src/Viewer.o
 .debug_aranges
                0x000005b0       0x68 ./src/f10x-pcd8544.o
 .debug_aranges
                0x00000618       0x30 ./src/main.o

.debug_pubnames
 *(.debug_pubnames)

.debug_info     0x00000000     0x70a6
 *(.debug_info .gnu.linkonce.wi.*)
 .debug_info    0x00000000      0x7c7 ./system/src/stm32f1-stdperiph/stm32f10x_gpio.o
 .debug_info    0x000007c7      0xb50 ./system/src/stm32f1-stdperiph/stm32f10x_i2c.o
 .debug_info    0x00001317      0x899 ./system/src/stm32f1-stdperiph/stm32f10x_rcc.o
 .debug_info    0x00001bb0      0x100 ./system/src/newlib/_exit.o
 .debug_info    0x00001cb0      0x121 ./system/src/newlib/_sbrk.o
 .debug_info    0x00001dd1      0x412 ./system/src/newlib/_startup.o
 .debug_info    0x000021e3      0x1a5 ./system/src/newlib/_syscalls.o
 .debug_info    0x00002388       0xdb ./system/src/cortexm/_initialize_hardware.o
 .debug_info    0x00002463      0x291 ./system/src/cortexm/_reset_hardware.o
 .debug_info    0x000026f4      0x544 ./system/src/cortexm/exception_handlers.o
 .debug_info    0x00002c38      0x479 ./system/src/cmsis/system_stm32f10x.o
 .debug_info    0x000030b1       0xcd ./system/src/cmsis/vectors_stm32f10x.o
 .debug_info    0x0000317e     0x1968 ./src/GY521Sensor.o
 .debug_info    0x00004ae6     0x14f4 ./src/Viewer.o
 .debug_info    0x00005fda      0xbc1 ./src/f10x-pcd8544.o
 .debug_info    0x00006b9b      0x50b ./src/main.o

.debug_abbrev   0x00000000     0x1b31
 *(.debug_abbrev)
 .debug_abbrev  0x00000000      0x1f5 ./system/src/stm32f1-stdperiph/stm32f10x_gpio.o
 .debug_abbrev  0x000001f5      0x1df ./system/src/stm32f1-stdperiph/stm32f10x_i2c.o
 .debug_abbrev  0x000003d4      0x1e2 ./system/src/stm32f1-stdperiph/stm32f10x_rcc.o
 .debug_abbrev  0x000005b6       0xb8 ./system/src/newlib/_exit.o
 .debug_abbrev  0x0000066e       0xb8 ./system/src/newlib/_sbrk.o
 .debug_abbrev  0x00000726      0x1db ./system/src/newlib/_startup.o
 .debug_abbrev  0x00000901       0xe4 ./system/src/newlib/_syscalls.o
 .debug_abbrev  0x000009e5       0x88 ./system/src/cortexm/_initialize_hardware.o
 .debug_abbrev  0x00000a6d       0xe7 ./system/src/cortexm/_reset_hardware.o
 .debug_abbrev  0x00000b54      0x1cc ./system/src/cortexm/exception_handlers.o
 .debug_abbrev  0x00000d20      0x16e ./system/src/cmsis/system_stm32f10x.o
 .debug_abbrev  0x00000e8e       0x9a ./system/src/cmsis/vectors_stm32f10x.o
 .debug_abbrev  0x00000f28      0x3c2 ./src/GY521Sensor.o
 .debug_abbrev  0x000012ea      0x3a2 ./src/Viewer.o
 .debug_abbrev  0x0000168c      0x27c ./src/f10x-pcd8544.o
 .debug_abbrev  0x00001908      0x229 ./src/main.o

.debug_line     0x00000000     0x1ee0
 *(.debug_line)
 .debug_line    0x00000000      0x2f6 ./system/src/stm32f1-stdperiph/stm32f10x_gpio.o
 .debug_line    0x000002f6      0x44f ./system/src/stm32f1-stdperiph/stm32f10x_i2c.o
 .debug_line    0x00000745      0x3c3 ./system/src/stm32f1-stdperiph/stm32f10x_rcc.o
 .debug_line    0x00000b08      0x117 ./system/src/newlib/_exit.o
 .debug_line    0x00000c1f       0xb1 ./system/src/newlib/_sbrk.o
 .debug_line    0x00000cd0       0xfd ./system/src/newlib/_startup.o
 .debug_line    0x00000dcd      0x11a ./system/src/newlib/_syscalls.o
 .debug_line    0x00000ee7      0x106 ./system/src/cortexm/_initialize_hardware.o
 .debug_line    0x00000fed       0xfe ./system/src/cortexm/_reset_hardware.o
 .debug_line    0x000010eb      0x202 ./system/src/cortexm/exception_handlers.o
 .debug_line    0x000012ed      0x139 ./system/src/cmsis/system_stm32f10x.o
 .debug_line    0x00001426       0x5d ./system/src/cmsis/vectors_stm32f10x.o
 .debug_line    0x00001483      0x3a2 ./src/GY521Sensor.o
 .debug_line    0x00001825      0x272 ./src/Viewer.o
 .debug_line    0x00001a97      0x2dc ./src/f10x-pcd8544.o
 .debug_line    0x00001d73      0x16d ./src/main.o

.debug_frame    0x00000000     0x1080
 *(.debug_frame)
 .debug_frame   0x00000000      0x170 ./system/src/stm32f1-stdperiph/stm32f10x_gpio.o
 .debug_frame   0x00000170      0x258 ./system/src/stm32f1-stdperiph/stm32f10x_i2c.o
 .debug_frame   0x000003c8      0x220 ./system/src/stm32f1-stdperiph/stm32f10x_rcc.o
 .debug_frame   0x000005e8       0x40 ./system/src/newlib/_exit.o
 .debug_frame   0x00000628       0x28 ./system/src/newlib/_sbrk.o
 .debug_frame   0x00000650       0x80 ./system/src/newlib/_startup.o
 .debug_frame   0x000006d0       0x50 ./system/src/newlib/_syscalls.o
 .debug_frame   0x00000720       0x30 ./system/src/cortexm/_initialize_hardware.o
 .debug_frame   0x00000750       0x20 ./system/src/cortexm/_reset_hardware.o
 .debug_frame   0x00000770       0xf8 ./system/src/cortexm/exception_handlers.o
 .debug_frame   0x00000868       0x3c ./system/src/cmsis/system_stm32f10x.o
 .debug_frame   0x000008a4       0x20 ./system/src/cmsis/vectors_stm32f10x.o
 .debug_frame   0x000008c4      0x1b0 ./src/GY521Sensor.o
 .debug_frame   0x00000a74      0x10c ./src/Viewer.o
 .debug_frame   0x00000b80      0x170 ./src/f10x-pcd8544.o
 .debug_frame   0x00000cf0       0x50 ./src/main.o
 .debug_frame   0x00000d40       0x20 /usr/local/gcc-arm-none-eabi-4_9-2015q2/bin/../lib/gcc/arm-none-eabi/4.9.3/../../../../arm-none-eabi/lib/armv7-m/libstdc++_nano.a(del_op.o)
 .debug_frame   0x00000d60       0x20 /usr/local/gcc-arm-none-eabi-4_9-2015q2/bin/../lib/gcc/arm-none-eabi/4.9.3/../../../../arm-none-eabi/lib/armv7-m/libg_nano.a(lib_a-errno.o)
 .debug_frame   0x00000d80       0x30 /usr/local/gcc-arm-none-eabi-4_9-2015q2/bin/../lib/gcc/arm-none-eabi/4.9.3/../../../../arm-none-eabi/lib/armv7-m/libg_nano.a(lib_a-malloc.o)
 .debug_frame   0x00000db0       0x20 /usr/local/gcc-arm-none-eabi-4_9-2015q2/bin/../lib/gcc/arm-none-eabi/4.9.3/../../../../arm-none-eabi/lib/armv7-m/libg_nano.a(lib_a-memset.o)
 .debug_frame   0x00000dd0       0x2c /usr/local/gcc-arm-none-eabi-4_9-2015q2/bin/../lib/gcc/arm-none-eabi/4.9.3/../../../../arm-none-eabi/lib/armv7-m/libg_nano.a(lib_a-nano-freer.o)
 .debug_frame   0x00000dfc       0x2c /usr/local/gcc-arm-none-eabi-4_9-2015q2/bin/../lib/gcc/arm-none-eabi/4.9.3/../../../../arm-none-eabi/lib/armv7-m/libg_nano.a(lib_a-nano-mallocr.o)
 .debug_frame   0x00000e28       0x2c /usr/local/gcc-arm-none-eabi-4_9-2015q2/bin/../lib/gcc/arm-none-eabi/4.9.3/../../../../arm-none-eabi/lib/armv7-m/libg_nano.a(lib_a-sbrkr.o)
 .debug_frame   0x00000e54       0x74 /usr/local/gcc-arm-none-eabi-4_9-2015q2/bin/../lib/gcc/arm-none-eabi/4.9.3/../../../../arm-none-eabi/lib/armv7-m/libg_nano.a(lib_a-snprintf.o)
 .debug_frame   0x00000ec8       0x8c /usr/local/gcc-arm-none-eabi-4_9-2015q2/bin/../lib/gcc/arm-none-eabi/4.9.3/../../../../arm-none-eabi/lib/armv7-m/libg_nano.a(lib_a-nano-svfprintf.o)
 .debug_frame   0x00000f54       0x58 /usr/local/gcc-arm-none-eabi-4_9-2015q2/bin/../lib/gcc/arm-none-eabi/4.9.3/../../../../arm-none-eabi/lib/armv7-m/libg_nano.a(lib_a-nano-vfprintf_i.o)
 .debug_frame   0x00000fac       0x28 /usr/local/gcc-arm-none-eabi-4_9-2015q2/bin/../lib/gcc/arm-none-eabi/4.9.3/../../../../arm-none-eabi/lib/armv7-m/libg_nano.a(lib_a-memchr.o)
 .debug_frame   0x00000fd4       0x28 /usr/local/gcc-arm-none-eabi-4_9-2015q2/bin/../lib/gcc/arm-none-eabi/4.9.3/../../../../arm-none-eabi/lib/armv7-m/libg_nano.a(lib_a-memcpy.o)
 .debug_frame   0x00000ffc       0x28 /usr/local/gcc-arm-none-eabi-4_9-2015q2/bin/../lib/gcc/arm-none-eabi/4.9.3/../../../../arm-none-eabi/lib/armv7-m/libg_nano.a(lib_a-memmove.o)
 .debug_frame   0x00001024       0x3c /usr/local/gcc-arm-none-eabi-4_9-2015q2/bin/../lib/gcc/arm-none-eabi/4.9.3/../../../../arm-none-eabi/lib/armv7-m/libg_nano.a(lib_a-nano-reallocr.o)
 .debug_frame   0x00001060       0x20 /usr/local/gcc-arm-none-eabi-4_9-2015q2/bin/../lib/gcc/arm-none-eabi/4.9.3/../../../../arm-none-eabi/lib/armv7-m/libg_nano.a(lib_a-nano-msizer.o)

.debug_str      0x00000000     0x2627
 *(.debug_str)
 .debug_str     0x00000000      0x4cf ./system/src/stm32f1-stdperiph/stm32f10x_gpio.o
                                0x575 (size before relaxing)
 .debug_str     0x000004cf      0x47e ./system/src/stm32f1-stdperiph/stm32f10x_i2c.o
                                0x6d4 (size before relaxing)
 .debug_str     0x0000094d      0x384 ./system/src/stm32f1-stdperiph/stm32f10x_rcc.o
                                0x65f (size before relaxing)
 .debug_str     0x00000cd1       0x56 ./system/src/newlib/_exit.o
                                0x1dc (size before relaxing)
 .debug_str     0x00000d27       0x77 ./system/src/newlib/_sbrk.o
                                0x209 (size before relaxing)
 .debug_str     0x00000d9e      0x16d ./system/src/newlib/_startup.o
                                0x321 (size before relaxing)
 .debug_str     0x00000f0b       0x40 ./system/src/newlib/_syscalls.o
                                0x1fc (size before relaxing)
 .debug_str     0x00000f4b       0x4e ./system/src/cortexm/_initialize_hardware.o
                                0x216 (size before relaxing)
 .debug_str     0x00000f99       0x93 ./system/src/cortexm/_reset_hardware.o
                                0x255 (size before relaxing)
 .debug_str     0x0000102c      0x3b5 ./system/src/cortexm/exception_handlers.o
                                0x5cb (size before relaxing)
 .debug_str     0x000013e1       0x77 ./system/src/cmsis/system_stm32f10x.o
                                0x329 (size before relaxing)
 .debug_str     0x00001458       0x57 ./system/src/cmsis/vectors_stm32f10x.o
                                0x1d8 (size before relaxing)
 .debug_str     0x000014af      0x9ae ./src/GY521Sensor.o
                                0xe4b (size before relaxing)
 .debug_str     0x00001e5d      0x5fb ./src/Viewer.o
                                0x8ab (size before relaxing)
 .debug_str     0x00002458      0x142 ./src/f10x-pcd8544.o
                                0x5bf (size before relaxing)
 .debug_str     0x0000259a       0x8d ./src/main.o
                                0x49a (size before relaxing)

.debug_loc      0x00000000     0x256d
 *(.debug_loc)
 .debug_loc     0x00000000      0x512 ./system/src/stm32f1-stdperiph/stm32f10x_gpio.o
 .debug_loc     0x00000512      0x69d ./system/src/stm32f1-stdperiph/stm32f10x_i2c.o
 .debug_loc     0x00000baf      0x676 ./system/src/stm32f1-stdperiph/stm32f10x_rcc.o
 .debug_loc     0x00001225       0x21 ./system/src/newlib/_exit.o
 .debug_loc     0x00001246       0x92 ./system/src/newlib/_sbrk.o
 .debug_loc     0x000012d8      0x234 ./system/src/newlib/_startup.o
 .debug_loc     0x0000150c       0x63 ./system/src/newlib/_syscalls.o
 .debug_loc     0x0000156f       0xd4 ./system/src/cortexm/exception_handlers.o
 .debug_loc     0x00001643       0x99 ./system/src/cmsis/system_stm32f10x.o
 .debug_loc     0x000016dc      0x35c ./src/GY521Sensor.o
 .debug_loc     0x00001a38      0x248 ./src/Viewer.o
 .debug_loc     0x00001c80      0x8ab ./src/f10x-pcd8544.o
 .debug_loc     0x0000252b       0x42 ./src/main.o

.debug_macinfo
 *(.debug_macinfo)

.debug_weaknames
 *(.debug_weaknames)

.debug_funcnames
 *(.debug_funcnames)

.debug_typenames
 *(.debug_typenames)

.debug_varnames
 *(.debug_varnames)
OUTPUT(RotateTracker.elf elf32-littlearm)

.debug_ranges   0x00000000      0x668
 .debug_ranges  0x00000000       0x98 ./system/src/stm32f1-stdperiph/stm32f10x_gpio.o
 .debug_ranges  0x00000098      0x110 ./system/src/stm32f1-stdperiph/stm32f10x_i2c.o
 .debug_ranges  0x000001a8      0x108 ./system/src/stm32f1-stdperiph/stm32f10x_rcc.o
 .debug_ranges  0x000002b0       0x18 ./system/src/newlib/_exit.o
 .debug_ranges  0x000002c8       0x10 ./system/src/newlib/_sbrk.o
 .debug_ranges  0x000002d8       0x48 ./system/src/newlib/_startup.o
 .debug_ranges  0x00000320       0x20 ./system/src/newlib/_syscalls.o
 .debug_ranges  0x00000340       0x18 ./system/src/cortexm/_initialize_hardware.o
 .debug_ranges  0x00000358       0x10 ./system/src/cortexm/_reset_hardware.o
 .debug_ranges  0x00000368       0x78 ./system/src/cortexm/exception_handlers.o
 .debug_ranges  0x000003e0       0x30 ./system/src/cmsis/system_stm32f10x.o
 .debug_ranges  0x00000410       0x10 ./system/src/cmsis/vectors_stm32f10x.o
 .debug_ranges  0x00000420       0xa8 ./src/GY521Sensor.o
 .debug_ranges  0x000004c8       0x50 ./src/Viewer.o
 .debug_ranges  0x00000518      0x130 ./src/f10x-pcd8544.o
 .debug_ranges  0x00000648       0x20 ./src/main.o
